Component: ARM Compiler 5.06 update 6 (build 750) Tool: armlink [4d35ed]

==============================================================================

Section Cross References

    main.o(i.auto_task) refers to main.o(i.get_adc_Voltage) for get_adc_Voltage
    main.o(i.auto_task) refers to cfrcmple.o(.text) for __aeabi_cfrcmple
    main.o(i.auto_task) refers to pwm.o(i.Servo_SetAngle) for Servo_SetAngle
    main.o(i.auto_task) refers to oled.o(i.OLED_ShowString) for OLED_ShowString
    main.o(i.auto_task) refers to printf1.o(i.__0sprintf$1) for __2sprintf
    main.o(i.auto_task) refers to main.o(.data) for servo1_angle
    main.o(i.check_mode) refers to main.o(i.get_key_value) for get_key_value
    main.o(i.check_mode) refers to cfrcmple.o(.text) for __aeabi_cfrcmple
    main.o(i.check_mode) refers to main.o(.data) for g_mode
    main.o(i.get_adc_Voltage) refers to adc.o(i.Get_Voltage) for Get_Voltage
    main.o(i.get_key_value) refers to adc.o(i.Get_Voltage) for Get_Voltage
    main.o(i.main) refers to misc.o(i.NVIC_PriorityGroupConfig) for NVIC_PriorityGroupConfig
    main.o(i.main) refers to delay.o(i.Delay_Init) for Delay_Init
    main.o(i.main) refers to pwm.o(i.Servo_GPIO_Init) for Servo_GPIO_Init
    main.o(i.main) refers to pwm.o(i.Servo_TIM_Init) for Servo_TIM_Init
    main.o(i.main) refers to oled.o(i.OLEDInit) for OLEDInit
    main.o(i.main) refers to oled.o(i.OLED_Clear) for OLED_Clear
    main.o(i.main) refers to adc.o(i.Adc_Init) for Adc_Init
    main.o(i.main) refers to pwm.o(i.Servo_SetAngle) for Servo_SetAngle
    main.o(i.main) refers to main.o(i.check_mode) for check_mode
    main.o(i.main) refers to oled.o(i.OLED_ShowString) for OLED_ShowString
    main.o(i.main) refers to main.o(i.auto_task) for auto_task
    main.o(i.main) refers to main.o(i.manua_task) for manua_task
    main.o(i.main) refers to main.o(.data) for servo1_angle
    main.o(i.manua_task) refers to main.o(i.get_key_value) for get_key_value
    main.o(i.manua_task) refers to cfrcmple.o(.text) for __aeabi_cfrcmple
    main.o(i.manua_task) refers to pwm.o(i.Servo_SetAngle) for Servo_SetAngle
    main.o(i.manua_task) refers to oled.o(i.OLED_ShowString) for OLED_ShowString
    main.o(i.manua_task) refers to printf1.o(i.__0sprintf$1) for __2sprintf
    main.o(i.manua_task) refers to main.o(.data) for servo1_angle
    oled.o(i.IIC_Start) refers to oled.o(i.OLEDInit) for OLEDInit
    oled.o(i.IIC_Start) refers to air32f10x_gpio.o(i.GPIO_SetBits) for GPIO_SetBits
    oled.o(i.IIC_Start) refers to air32f10x_gpio.o(i.GPIO_ResetBits) for GPIO_ResetBits
    oled.o(i.IIC_Start) refers to oled.o(.data) for flag
    oled.o(i.IIC_Stop) refers to air32f10x_gpio.o(i.GPIO_SetBits) for GPIO_SetBits
    oled.o(i.IIC_Stop) refers to air32f10x_gpio.o(i.GPIO_ResetBits) for GPIO_ResetBits
    oled.o(i.IIC_Wait_Ack) refers to air32f10x_gpio.o(i.GPIO_SetBits) for GPIO_SetBits
    oled.o(i.IIC_Wait_Ack) refers to air32f10x_gpio.o(i.GPIO_ResetBits) for GPIO_ResetBits
    oled.o(i.OLEDInit) refers to air32f10x_rcc.o(i.RCC_APB2PeriphClockCmd) for RCC_APB2PeriphClockCmd
    oled.o(i.OLEDInit) refers to air32f10x_gpio.o(i.GPIO_Init) for GPIO_Init
    oled.o(i.OLEDInit) refers to air32f10x_gpio.o(i.GPIO_SetBits) for GPIO_SetBits
    oled.o(i.OLEDInit) refers to delay.o(i.Delay_Ms) for Delay_Ms
    oled.o(i.OLEDInit) refers to oled.o(i.OLED_WR_Byte) for OLED_WR_Byte
    oled.o(i.OLED_Clear) refers to oled.o(i.OLED_WR_Byte) for OLED_WR_Byte
    oled.o(i.OLED_Display_Off) refers to oled.o(i.OLED_WR_Byte) for OLED_WR_Byte
    oled.o(i.OLED_Display_On) refers to oled.o(i.OLED_WR_Byte) for OLED_WR_Byte
    oled.o(i.OLED_DrawBMP) refers to oled.o(i.OLED_Set_Pos) for OLED_Set_Pos
    oled.o(i.OLED_DrawBMP) refers to oled.o(i.OLED_WR_Byte) for OLED_WR_Byte
    oled.o(i.OLED_On) refers to oled.o(i.OLED_WR_Byte) for OLED_WR_Byte
    oled.o(i.OLED_Set_Pos) refers to oled.o(i.OLED_WR_Byte) for OLED_WR_Byte
    oled.o(i.OLED_ShowCHinese) refers to oled.o(i.OLED_Set_Pos) for OLED_Set_Pos
    oled.o(i.OLED_ShowCHinese) refers to oled.o(i.OLED_WR_Byte) for OLED_WR_Byte
    oled.o(i.OLED_ShowCHinese) refers to oled.o(.data) for Hzk
    oled.o(i.OLED_ShowChar) refers to oled.o(i.OLED_Set_Pos) for OLED_Set_Pos
    oled.o(i.OLED_ShowChar) refers to oled.o(i.OLED_WR_Byte) for OLED_WR_Byte
    oled.o(i.OLED_ShowChar) refers to oled.o(.constdata) for F8X16
    oled.o(i.OLED_ShowNum) refers to oled.o(i.oled_pow) for oled_pow
    oled.o(i.OLED_ShowNum) refers to oled.o(i.OLED_ShowChar) for OLED_ShowChar
    oled.o(i.OLED_ShowString) refers to oled.o(i.OLED_ShowChar) for OLED_ShowChar
    oled.o(i.OLED_WR_Byte) refers to oled.o(i.Write_IIC_Data) for Write_IIC_Data
    oled.o(i.OLED_WR_Byte) refers to oled.o(i.Write_IIC_Command) for Write_IIC_Command
    oled.o(i.Write_IIC_Byte) refers to air32f10x_gpio.o(i.GPIO_ResetBits) for GPIO_ResetBits
    oled.o(i.Write_IIC_Byte) refers to delay.o(i.Delay_Us) for Delay_Us
[...]
    printfb.o(i.__0vfprintf$bare) refers to fputc.o(i.fputc) for fputc
    printfb.o(i.__0vprintf$bare) refers to printfb.o(i._printf_core) for _printf_core
    printfb.o(i.__0vprintf$bare) refers to fputc.o(i.fputc) for fputc
    printfb.o(i.__0vprintf$bare) refers to stdout.o(.data) for __stdout
    printfb.o(i.__0vsnprintf$bare) refers to printfb.o(i._printf_core) for _printf_core
    printfb.o(i.__0vsnprintf$bare) refers to printfb.o(i._snputc) for _snputc
    printfb.o(i.__0vsprintf$bare) refers to printfb.o(i._printf_core) for _printf_core
    printfb.o(i.__0vsprintf$bare) refers to printfb.o(i._sputc) for _sputc
    printf0.o(i.__0fprintf$0) refers to printf0.o(i._printf_core) for _printf_core
    printf0.o(i.__0fprintf$0) refers to fputc.o(i.fputc) for fputc
    printf0.o(i.__0printf$0) refers to printf0.o(i._printf_core) for _printf_core
    printf0.o(i.__0printf$0) refers to fputc.o(i.fputc) for fputc
    printf0.o(i.__0printf$0) refers to stdout.o(.data) for __stdout
    printf0.o(i.__0snprintf$0) refers to printf0.o(i._printf_core) for _printf_core
    printf0.o(i.__0snprintf$0) refers to printf0.o(i._snputc) for _snputc
    printf0.o(i.__0sprintf$0) refers to printf0.o(i._printf_core) for _printf_core
    printf0.o(i.__0sprintf$0) refers to printf0.o(i._sputc) for _sputc
    printf0.o(i.__0vfprintf$0) refers to printf0.o(i._printf_core) for _printf_core
    printf0.o(i.__0vfprintf$0) refers to fputc.o(i.fputc) for fputc
    printf0.o(i.__0vprintf$0) refers to printf0.o(i._printf_core) for _printf_core
    printf0.o(i.__0vprintf$0) refers to fputc.o(i.fputc) for fputc
    printf0.o(i.__0vprintf$0) refers to stdout.o(.data) for __stdout
    printf0.o(i.__0vsnprintf$0) refers to printf0.o(i._printf_core) for _printf_core
    printf0.o(i.__0vsnprintf$0) refers to printf0.o(i._snputc) for _snputc
    printf0.o(i.__0vsprintf$0) refers to printf0.o(i._printf_core) for _printf_core
    printf0.o(i.__0vsprintf$0) refers to printf0.o(i._sputc) for _sputc
    printf1.o(i.__0fprintf$1) refers to printf1.o(i._printf_core) for _printf_core
    printf1.o(i.__0fprintf$1) refers to fputc.o(i.fputc) for fputc
    printf1.o(i.__0printf$1) refers to printf1.o(i._printf_core) for _printf_core
    printf1.o(i.__0printf$1) refers to fputc.o(i.fputc) for fputc
    printf1.o(i.__0printf$1) refers to stdout.o(.data) for __stdout
    printf1.o(i.__0snprintf$1) refers to printf1.o(i._printf_core) for _printf_core
    printf1.o(i.__0snprintf$1) refers to printf1.o(i._snputc) for _snputc
    printf1.o(i.__0sprintf$1) refers to printf1.o(i._printf_core) for _printf_core
    printf1.o(i.__0sprintf$1) refers to printf1.o(i._sputc) for _sputc
    printf1.o(i.__0vfprintf$1) refers to printf1.o(i._printf_core) for _printf_core
    printf1.o(i.__0vfprintf$1) refers to fputc.o(i.fputc) for fputc
    printf1.o(i.__0vprintf$1) refers to printf1.o(i._printf_core) for _printf_core
    printf1.o(i.__0vprintf$1) refers to fputc.o(i.fputc) for fputc
    printf1.o(i.__0vprintf$1) refers to stdout.o(.data) for __stdout
    printf1.o(i.__0vsnprintf$1) refers to printf1.o(i._printf_core) for _printf_core
    printf1.o(i.__0vsnprintf$1) refers to printf1.o(i._snputc) for _snputc
    printf1.o(i.__0vsprintf$1) refers to printf1.o(i._printf_core) for _printf_core
    printf1.o(i.__0vsprintf$1) refers to printf1.o(i._sputc) for _sputc
    printf1.o(i._printf_core) refers to uidiv.o(.text) for __aeabi_uidivmod
    printf2.o(i.__0fprintf$2) refers to printf2.o(i._printf_core) for _printf_core
    printf2.o(i.__0fprintf$2) refers to fputc.o(i.fputc) for fputc
    printf2.o(i.__0printf$2) refers to printf2.o(i._printf_core) for _printf_core
    printf2.o(i.__0printf$2) refers to fputc.o(i.fputc) for fputc
    printf2.o(i.__0printf$2) refers to stdout.o(.data) for __stdout
    printf2.o(i.__0snprintf$2) refers to printf2.o(i._printf_core) for _printf_core
    printf2.o(i.__0snprintf$2) refers to printf2.o(i._snputc) for _snputc
    printf2.o(i.__0sprintf$2) refers to printf2.o(i._printf_core) for _printf_core
    printf2.o(i.__0sprintf$2) refers to printf2.o(i._sputc) for _sputc
    printf2.o(i.__0vfprintf$2) refers to printf2.o(i._printf_core) for _printf_core
    printf2.o(i.__0vfprintf$2) refers to fputc.o(i.fputc) for fputc
    printf2.o(i.__0vprintf$2) refers to printf2.o(i._printf_core) for _printf_core
    printf2.o(i.__0vprintf$2) refers to fputc.o(i.fputc) for fputc
    printf2.o(i.__0vprintf$2) refers to stdout.o(.data) for __stdout
    printf2.o(i.__0vsnprintf$2) refers to printf2.o(i._printf_core) for _printf_core
    printf2.o(i.__0vsnprintf$2) refers to printf2.o(i._snputc) for _snputc
    printf2.o(i.__0vsprintf$2) refers to printf2.o(i._printf_core) for _printf_core
    printf2.o(i.__0vsprintf$2) refers to printf2.o(i._sputc) for _sputc
    printf3.o(i.__0fprintf$3) refers to printf3.o(i._printf_core) for _printf_core
    printf3.o(i.__0fprintf$3) refers to fputc.o(i.fputc) for fputc
    printf3.o(i.__0printf$3) refers to printf3.o(i._printf_core) for _printf_core
    printf3.o(i.__0printf$3) refers to fputc.o(i.fputc) for fputc
    printf3.o(i.__0printf$3) refers to stdout.o(.data) for __stdout
    printf3.o(i.__0snprintf$3) refers to printf3.o(i._printf_core) for _printf_core
    printf3.o(i.__0snprintf$3) refers to printf3.o(i._snputc) for _snputc
    printf3.o(i.__0sprintf$3) refers to printf3.o(i._printf_core) for _printf_core
    printf3.o(i.__0sprintf$3) refers to printf3.o(i._sputc) for _sputc
    printf3.o(i.__0vfprintf$3) refers to printf3.o(i._printf_core) for _printf_core
    printf3.o(i.__0vfprintf$3) refers to fputc.o(i.fputc) for fputc
    printf3.o(i.__0vprintf$3) refers to printf3.o(i._printf_core) for _printf_core
    printf3.o(i.__0vprintf$3) refers to fputc.o(i.fputc) for fputc
    printf3.o(i.__0vprintf$3) refers to stdout.o(.data) for __stdout
    printf3.o(i.__0vsnprintf$3) refers to printf3.o(i._printf_core) for _printf_core
    printf3.o(i.__0vsnprintf$3) refers to printf3.o(i._snputc) for _snputc
    printf3.o(i.__0vsprintf$3) refers to printf3.o(i._printf_core) for _printf_core
    printf3.o(i.__0vsprintf$3) refers to printf3.o(i._sputc) for _sputc
    printf3.o(i._printf_core) refers to uidiv.o(.text) for __aeabi_uidivmod
    printf4.o(i.__0fprintf$4) refers to printf4.o(i._printf_core) for _printf_core
    printf4.o(i.__0fprintf$4) refers to fputc.o(i.fputc) for fputc
    printf4.o(i.__0printf$4) refers to printf4.o(i._printf_core) for _printf_core
    printf4.o(i.__0printf$4) refers to fputc.o(i.fputc) for fputc
    printf4.o(i.__0printf$4) refers to stdout.o(.data) for __stdout
    printf4.o(i.__0snprintf$4) refers to printf4.o(i._printf_core) for _printf_core
    printf4.o(i.__0snprintf$4) refers to printf4.o(i._snputc) for _snputc
    printf4.o(i.__0sprintf$4) refers to printf4.o(i._printf_core) for _printf_core
    printf4.o(i.__0sprintf$4) refers to printf4.o(i._sputc) for _sputc
    printf4.o(i.__0vfprintf$4) refers to printf4.o(i._printf_core) for _printf_core
    printf4.o(i.__0vfprintf$4) refers to fputc.o(i.fputc) for fputc
    printf4.o(i.__0vprintf$4) refers to printf4.o(i._printf_core) for _printf_core
    printf4.o(i.__0vprintf$4) refers to fputc.o(i.fputc) for fputc
    printf4.o(i.__0vprintf$4) refers to stdout.o(.data) for __stdout
    printf4.o(i.__0vsnprintf$4) refers to printf4.o(i._printf_core) for _printf_core
    printf4.o(i.__0vsnprintf$4) refers to printf4.o(i._snputc) for _snputc
    printf4.o(i.__0vsprintf$4) refers to printf4.o(i._printf_core) for _printf_core
    printf4.o(i.__0vsprintf$4) refers to printf4.o(i._sputc) for _sputc
    printf4.o(i._printf_core) refers to uldiv.o(.text) for __aeabi_uldivmod
    printf5.o(i.__0fprintf$5) refers to printf5.o(i._printf_core) for _printf_core
    printf5.o(i.__0fprintf$5) refers to fputc.o(i.fputc) for fputc
    printf5.o(i.__0printf$5) refers to printf5.o(i._printf_core) for _printf_core
    printf5.o(i.__0printf$5) refers to fputc.o(i.fputc) for fputc
    printf5.o(i.__0printf$5) refers to stdout.o(.data) for __stdout
    printf5.o(i.__0snprintf$5) refers to printf5.o(i._printf_core) for _printf_core
    printf5.o(i.__0snprintf$5) refers to printf5.o(i._snputc) for _snputc
    printf5.o(i.__0sprintf$5) refers to printf5.o(i._printf_core) for _printf_core
    printf5.o(i.__0sprintf$5) refers to printf5.o(i._sputc) for _sputc
    printf5.o(i.__0vfprintf$5) refers to printf5.o(i._printf_core) for _printf_core
    printf5.o(i.__0vfprintf$5) refers to fputc.o(i.fputc) for fputc
    printf5.o(i.__0vprintf$5) refers to printf5.o(i._printf_core) for _printf_core
    printf5.o(i.__0vprintf$5) refers to fputc.o(i.fputc) for fputc
    printf5.o(i.__0vprintf$5) refers to stdout.o(.data) for __stdout
    printf5.o(i.__0vsnprintf$5) refers to printf5.o(i._printf_core) for _printf_core
    printf5.o(i.__0vsnprintf$5) refers to printf5.o(i._snputc) for _snputc
    printf5.o(i.__0vsprintf$5) refers to printf5.o(i._printf_core) for _printf_core
    printf5.o(i.__0vsprintf$5) refers to printf5.o(i._sputc) for _sputc
    printf5.o(i._printf_core) refers to uldiv.o(.text) for __aeabi_uldivmod
    printf6.o(i.__0fprintf$6) refers to printf6.o(i._printf_core) for _printf_core
    printf6.o(i.__0fprintf$6) refers to fputc.o(i.fputc) for fputc
    printf6.o(i.__0printf$6) refers to printf6.o(i._printf_core) for _printf_core
    printf6.o(i.__0printf$6) refers to fputc.o(i.fputc) for fputc
    printf6.o(i.__0printf$6) refers to stdout.o(.data) for __stdout
    printf6.o(i.__0snprintf$6) refers to printf6.o(i._printf_core) for _printf_core
    printf6.o(i.__0snprintf$6) refers to printf6.o(i._snputc) for _snputc
    printf6.o(i.__0sprintf$6) refers to printf6.o(i._printf_core) for _printf_core
    printf6.o(i.__0sprintf$6) refers to printf6.o(i._sputc) for _sputc
    printf6.o(i.__0vfprintf$6) refers to printf6.o(i._printf_core) for _printf_core
    printf6.o(i.__0vfprintf$6) refers to fputc.o(i.fputc) for fputc
    printf6.o(i.__0vprintf$6) refers to printf6.o(i._printf_core) for _printf_core
    printf6.o(i.__0vprintf$6) refers to fputc.o(i.fputc) for fputc
    printf6.o(i.__0vprintf$6) refers to stdout.o(.data) for __stdout
    printf6.o(i.__0vsnprintf$6) refers to printf6.o(i._printf_core) for _printf_core
    printf6.o(i.__0vsnprintf$6) refers to printf6.o(i._snputc) for _snputc
    printf6.o(i.__0vsprintf$6) refers to printf6.o(i._printf_core) for _printf_core
    printf6.o(i.__0vsprintf$6) refers to printf6.o(i._sputc) for _sputc
    printf6.o(i._printf_core) refers to printf6.o(i._printf_pre_padding) for _printf_pre_padding
    printf6.o(i._printf_core) refers to uidiv.o(.text) for __aeabi_uidivmod
    printf6.o(i._printf_core) refers to printf6.o(i._printf_post_padding) for _printf_post_padding
    printf7.o(i.__0fprintf$7) refers to printf7.o(i._printf_core) for _printf_core
    printf7.o(i.__0fprintf$7) refers to fputc.o(i.fputc) for fputc
    printf7.o(i.__0printf$7) refers to printf7.o(i._printf_core) for _printf_core
    printf7.o(i.__0printf$7) refers to fputc.o(i.fputc) for fputc
    printf7.o(i.__0printf$7) refers to stdout.o(.data) for __stdout
    printf7.o(i.__0snprintf$7) refers to printf7.o(i._printf_core) for _printf_core
    printf7.o(i.__0snprintf$7) refers to printf7.o(i._snputc) for _snputc
    printf7.o(i.__0sprintf$7) refers to printf7.o(i._printf_core) for _printf_core
    printf7.o(i.__0sprintf$7) refers to printf7.o(i._sputc) for _sputc
    printf7.o(i.__0vfprintf$7) refers to printf7.o(i._printf_core) for _printf_core
    printf7.o(i.__0vfprintf$7) refers to fputc.o(i.fputc) for fputc
    printf7.o(i.__0vprintf$7) refers to printf7.o(i._printf_core) for _printf_core
    printf7.o(i.__0vprintf$7) refers to fputc.o(i.fputc) for fputc
    printf7.o(i.__0vprintf$7) refers to stdout.o(.data) for __stdout
    printf7.o(i.__0vsnprintf$7) refers to printf7.o(i._printf_core) for _printf_core
    printf7.o(i.__0vsnprintf$7) refers to printf7.o(i._snputc) for _snputc
    printf7.o(i.__0vsprintf$7) refers to printf7.o(i._printf_core) for _printf_core
    printf7.o(i.__0vsprintf$7) refers to printf7.o(i._sputc) for _sputc
    printf7.o(i._printf_core) refers to printf7.o(i._printf_pre_padding) for _printf_pre_padding
    printf7.o(i._printf_core) refers to uldiv.o(.text) for __aeabi_uldivmod
    printf7.o(i._printf_core) refers to printf7.o(i._printf_post_padding) for _printf_post_padding
    printf8.o(i.__0fprintf$8) refers to printf8.o(i._printf_core) for _printf_core
    printf8.o(i.__0fprintf$8) refers to fputc.o(i.fputc) for fputc
    printf8.o(i.__0printf$8) refers to printf8.o(i._printf_core) for _printf_core
    printf8.o(i.__0printf$8) refers to fputc.o(i.fputc) for fputc
    printf8.o(i.__0printf$8) refers to stdout.o(.data) for __stdout
    printf8.o(i.__0snprintf$8) refers to printf8.o(i._printf_core) for _printf_core
    printf8.o(i.__0snprintf$8) refers to printf8.o(i._snputc) for _snputc
    printf8.o(i.__0sprintf$8) refers to printf8.o(i._printf_core) for _printf_core
    printf8.o(i.__0sprintf$8) refers to printf8.o(i._sputc) for _sputc
    printf8.o(i.__0vfprintf$8) refers to printf8.o(i._printf_core) for _printf_core
    printf8.o(i.__0vfprintf$8) refers to fputc.o(i.fputc) for fputc
    printf8.o(i.__0vprintf$8) refers to printf8.o(i._printf_core) for _printf_core
    printf8.o(i.__0vprintf$8) refers to fputc.o(i.fputc) for fputc
    printf8.o(i.__0vprintf$8) refers to stdout.o(.data) for __stdout
    printf8.o(i.__0vsnprintf$8) refers to printf8.o(i._printf_core) for _printf_core
    printf8.o(i.__0vsnprintf$8) refers to printf8.o(i._snputc) for _snputc
    printf8.o(i.__0vsprintf$8) refers to printf8.o(i._printf_core) for _printf_core
    printf8.o(i.__0vsprintf$8) refers to printf8.o(i._sputc) for _sputc
    printf8.o(i._printf_core) refers to printf8.o(i._printf_pre_padding) for _printf_pre_padding
    printf8.o(i._printf_core) refers to uldiv.o(.text) for __aeabi_uldivmod
    printf8.o(i._printf_core) refers to printf8.o(i._printf_post_padding) for _printf_post_padding
    printfa.o(i.__0fprintf) refers (Special) to iusefp.o(.text) for __I$use$fp
    printfa.o(i.__0fprintf) refers to printfa.o(i._printf_core) for _printf_core
    printfa.o(i.__0fprintf) refers to fputc.o(i.fputc) for fputc
    printfa.o(i.__0printf) refers (Special) to iusefp.o(.text) for __I$use$fp
    printfa.o(i.__0printf) refers to printfa.o(i._printf_core) for _printf_core
    printfa.o(i.__0printf) refers to fputc.o(i.fputc) for fputc
    printfa.o(i.__0printf) refers to stdout.o(.data) for __stdout
    printfa.o(i.__0snprintf) refers (Special) to iusefp.o(.text) for __I$use$fp
    printfa.o(i.__0snprintf) refers to printfa.o(i._printf_core) for _printf_core
    printfa.o(i.__0snprintf) refers to printfa.o(i._snputc) for _snputc
    printfa.o(i.__0sprintf) refers (Special) to iusefp.o(.text) for __I$use$fp
    printfa.o(i.__0sprintf) refers to printfa.o(i._printf_core) for _printf_core
    printfa.o(i.__0sprintf) refers to printfa.o(i._sputc) for _sputc
    printfa.o(i.__0vfprintf) refers (Special) to iusefp.o(.text) for __I$use$fp
    printfa.o(i.__0vfprintf) refers to printfa.o(i._printf_core) for _printf_core
    printfa.o(i.__0vfprintf) refers to fputc.o(i.fputc) for fputc
    printfa.o(i.__0vprintf) refers (Special) to iusefp.o(.text) for __I$use$fp
    printfa.o(i.__0vprintf) refers to printfa.o(i._printf_core) for _printf_core
    printfa.o(i.__0vprintf) refers to fputc.o(i.fputc) for fputc
    printfa.o(i.__0vprintf) refers to stdout.o(.data) for __stdout
    printfa.o(i.__0vsnprintf) refers (Special) to iusefp.o(.text) for __I$use$fp
    printfa.o(i.__0vsnprintf) refers to printfa.o(i._printf_core) for _printf_core
    printfa.o(i.__0vsnprintf) refers to printfa.o(i._snputc) for _snputc
    printfa.o(i.__0vsprintf) refers (Special) to iusefp.o(.text) for __I$use$fp
    printfa.o(i.__0vsprintf) refers to printfa.o(i._printf_core) for _printf_core
    printfa.o(i.__0vsprintf) refers to printfa.o(i._sputc) for _sputc
    printfa.o(i._fp_digits) refers (Special) to iusefp.o(.text) for __I$use$fp
    printfa.o(i._fp_digits) refers to dmul.o(.text) for __aeabi_dmul
    printfa.o(i._fp_digits) refers to ddiv.o(.text) for __aeabi_ddiv
    printfa.o(i._fp_digits) refers to cdrcmple.o(.text) for __aeabi_cdrcmple
    printfa.o(i._fp_digits) refers to dadd.o(.text) for __aeabi_dadd
    printfa.o(i._fp_digits) refers to dfixul.o(.text) for __aeabi_d2ulz
    printfa.o(i._fp_digits) refers to uldiv.o(.text) for __aeabi_uldivmod
    printfa.o(i._printf_core) refers (Special) to iusefp.o(.text) for __I$use$fp
    printfa.o(i._printf_core) refers to printfa.o(i._printf_pre_padding) for _printf_pre_padding
    printfa.o(i._printf_core) refers to uldiv.o(.text) for __aeabi_uldivmod
    printfa.o(i._printf_core) refers to printfa.o(i._printf_post_padding) for _printf_post_padding
    printfa.o(i._printf_core) refers to printfa.o(i._fp_digits) for _fp_digits
    printfa.o(i._printf_core) refers to uidiv.o(.text) for __aeabi_uidivmod
    printfa.o(i._printf_post_padding) refers (Special) to iusefp.o(.text) for __I$use$fp
    printfa.o(i._printf_pre_padding) refers (Special) to iusefp.o(.text) for __I$use$fp
    printfa.o(i._snputc) refers (Special) to iusefp.o(.text) for __I$use$fp
    printfa.o(i._sputc) refers (Special) to iusefp.o(.text) for __I$use$fp
    dmul.o(.text) refers (Special) to iusefp.o(.text) for __I$use$fp
    dmul.o(.text) refers to depilogue.o(.text) for _double_epilogue
    ddiv.o(.text) refers (Special) to iusefp.o(.text) for __I$use$fp
    ddiv.o(.text) refers to depilogue.o(.text) for _double_round
    dfltui.o(.text) refers (Special) to iusefp.o(.text) for __I$use$fp
    dfltui.o(.text) refers to depilogue.o(.text) for _double_epilogue
    d2f.o(.text) refers (Special) to iusefp.o(.text) for __I$use$fp
    d2f.o(.text) refers to fepilogue.o(.text) for _float_round
    cfrcmple.o(.text) refers (Special) to iusefp.o(.text) for __I$use$fp
    entry2.o(.ARM.Collect$$$$00000001) refers to entry2.o(.ARM.Collect$$$$00002712) for __lit__00000000
    entry2.o(.ARM.Collect$$$$00002712) refers to startup_air32f10x.o(STACK) for __initial_sp
    entry2.o(__vectab_stack_and_reset_area) refers to startup_air32f10x.o(STACK) for __initial_sp
    entry2.o(__vectab_stack_and_reset_area) refers to entry.o(.ARM.Collect$$$$00000000) for __main
    entry5.o(.ARM.Collect$$$$00000004) refers to init.o(.text) for __scatterload
    entry9a.o(.ARM.Collect$$$$0000000B) refers to main.o(i.main) for main
    entry9b.o(.ARM.Collect$$$$0000000C) refers to main.o(i.main) for main
    fputc.o(i.fputc) refers (Special) to iusesemip.o(.text) for __I$use$semihosting$fputc
    fputc.o(i.fputc) refers (Special) to semi.o(.text) for __semihosting_library_function
    uldiv.o(.text) refers to llushr.o(.text) for __aeabi_llsr
    uldiv.o(.text) refers to llshl.o(.text) for __aeabi_llsl
    depilogue.o(.text) refers to llshl.o(.text) for __aeabi_llsl
    depilogue.o(.text) refers to llushr.o(.text) for __aeabi_llsr
    dadd.o(.text) refers to llshl.o(.text) for __aeabi_llsl
    dadd.o(.text) refers to llsshr.o(.text) for __aeabi_lasr
    dadd.o(.text) refers to depilogue.o(.text) for _double_epilogue
    dfixul.o(.text) refers to llushr.o(.text) for __aeabi_llsr
    dfixul.o(.text) refers to llshl.o(.text) for __aeabi_llsl
    init.o(.text) refers to entry5.o(.ARM.Collect$$$$00000004) for __main_after_scatterload


==============================================================================

Removing Unused input sections from the image.

    Removing main.o(.rev16_text), (4 bytes).
    Removing main.o(.revsh_text), (4 bytes).
    Removing main.o(.rrx_text), (6 bytes).
    Removing oled.o(.rev16_text), (4 bytes).
    Removing oled.o(.revsh_text), (4 bytes).
    Removing oled.o(.rrx_text), (6 bytes).
    Removing oled.o(i.OLED_Display_Off), (28 bytes).
    Removing oled.o(i.OLED_Display_On), (28 bytes).
    Removing oled.o(i.OLED_DrawBMP), (118 bytes).
    Removing oled.o(i.OLED_On), (62 bytes).
    Removing oled.o(i.OLED_ShowCHinese), (104 bytes).
    Removing oled.o(i.OLED_ShowNum), (136 bytes).
    Removing oled.o(i.fill_picture), (64 bytes).
    Removing oled.o(i.oled_pow), (22 bytes).
    Removing adc.o(.rev16_text), (4 bytes).
    Removing adc.o(.revsh_text), (4 bytes).
    Removing adc.o(.rrx_text), (6 bytes).
    Removing pwm.o(.rev16_text), (4 bytes).
    Removing pwm.o(.revsh_text), (4 bytes).
    Removing pwm.o(.rrx_text), (6 bytes).
    Removing air32f10x_adc.o(.rev16_text), (4 bytes).
    Removing air32f10x_adc.o(.revsh_text), (4 bytes).
    Removing air32f10x_adc.o(.rrx_text), (6 bytes).
    Removing air32f10x_adc.o(i.ADC_AnalogWatchdogCmd), (20 bytes).
    Removing air32f10x_adc.o(i.ADC_AnalogWatchdogSingleChannelConfig), (16 bytes).
    Removing air32f10x_adc.o(i.ADC_AnalogWatchdogThresholdsConfig), (6 bytes).
    Removing air32f10x_adc.o(i.ADC_AutoInjectedConvCmd), (22 bytes).
    Removing air32f10x_adc.o(i.ADC_ClearFlag), (6 bytes).
    Removing air32f10x_adc.o(i.ADC_ClearITPendingBit), (10 bytes).
    Removing air32f10x_adc.o(i.ADC_DMACmd), (22 bytes).
    Removing air32f10x_adc.o(i.ADC_DiscModeChannelCountConfig), (24 bytes).
    Removing air32f10x_adc.o(i.ADC_DiscModeCmd), (22 bytes).
    Removing air32f10x_adc.o(i.ADC_ExternalTrigConvCmd), (22 bytes).
    Removing air32f10x_adc.o(i.ADC_ExternalTrigInjectedConvCmd), (22 bytes).
    Removing air32f10x_adc.o(i.ADC_ExternalTrigInjectedConvConfig), (16 bytes).
    Removing air32f10x_adc.o(i.ADC_GetDualModeConversionValue), (12 bytes).
    Removing air32f10x_adc.o(i.ADC_GetITStatus), (36 bytes).
    Removing air32f10x_adc.o(i.ADC_GetInjectedConversionValue), (28 bytes).
    Removing air32f10x_adc.o(i.ADC_GetSoftwareStartConvStatus), (20 bytes).
    Removing air32f10x_adc.o(i.ADC_GetSoftwareStartInjectedConvCmdStatus), (20 bytes).
    Removing air32f10x_adc.o(i.ADC_ITConfig), (24 bytes).
    Removing air32f10x_adc.o(i.ADC_InjectedChannelConfig), (130 bytes).
    Removing air32f10x_adc.o(i.ADC_InjectedDiscModeCmd), (22 bytes).
    Removing air32f10x_adc.o(i.ADC_InjectedSequencerLengthConfig), (24 bytes).
    Removing air32f10x_adc.o(i.ADC_SetInjectedOffset), (20 bytes).
    Removing air32f10x_adc.o(i.ADC_SoftwareStartInjectedConvCmd), (22 bytes).
    Removing air32f10x_adc.o(i.ADC_StructInit), (18 bytes).
    Removing air32f10x_adc.o(i.ADC_TempSensorVrefintCmd), (36 bytes).
    Removing air32f10x_gpio.o(.rev16_text), (4 bytes).
    Removing air32f10x_gpio.o(.revsh_text), (4 bytes).
    Removing air32f10x_gpio.o(.rrx_text), (6 bytes).
    Removing air32f10x_gpio.o(i.GPIO_AFIODeInit), (20 bytes).
    Removing air32f10x_gpio.o(i.GPIO_DeInit), (200 bytes).
    Removing air32f10x_gpio.o(i.GPIO_ETH_MediaInterfaceConfig), (12 bytes).
    Removing air32f10x_gpio.o(i.GPIO_EXTILineConfig), (64 bytes).
    Removing air32f10x_gpio.o(i.GPIO_EventOutputCmd), (12 bytes).
    Removing air32f10x_gpio.o(i.GPIO_EventOutputConfig), (32 bytes).
    Removing air32f10x_gpio.o(i.GPIO_ForceDropDownConfig), (14 bytes).
    Removing air32f10x_gpio.o(i.GPIO_ForcePuPdCmd), (18 bytes).
    Removing air32f10x_gpio.o(i.GPIO_ForcePullUpConfig), (8 bytes).
    Removing air32f10x_gpio.o(i.GPIO_PinLockConfig), (18 bytes).
    Removing air32f10x_gpio.o(i.GPIO_PinRemapConfig), (144 bytes).
    Removing air32f10x_gpio.o(i.GPIO_ReadInputData), (8 bytes).
    Removing air32f10x_gpio.o(i.GPIO_ReadInputDataBit), (18 bytes).
    Removing air32f10x_gpio.o(i.GPIO_ReadOutputData), (8 bytes).
    Removing air32f10x_gpio.o(i.GPIO_ReadOutputDataBit), (18 bytes).
    Removing air32f10x_gpio.o(i.GPIO_StructInit), (16 bytes).
    Removing air32f10x_gpio.o(i.GPIO_Write), (4 bytes).
    Removing air32f10x_gpio.o(i.GPIO_WriteBit), (10 bytes).
    Removing air32f10x_i2c.o(.rev16_text), (4 bytes).
    Removing air32f10x_i2c.o(.revsh_text), (4 bytes).
    Removing air32f10x_i2c.o(.rrx_text), (6 bytes).
    Removing air32f10x_i2c.o(i.I2C_ARPCmd), (24 bytes).
    Removing air32f10x_i2c.o(i.I2C_AcknowledgeConfig), (24 bytes).
    Removing air32f10x_i2c.o(i.I2C_CalculatePEC), (24 bytes).
    Removing air32f10x_i2c.o(i.I2C_CheckEvent), (42 bytes).
    Removing air32f10x_i2c.o(i.I2C_ClearFlag), (12 bytes).
    Removing air32f10x_i2c.o(i.I2C_ClearITPendingBit), (12 bytes).
    Removing air32f10x_i2c.o(i.I2C_Cmd), (24 bytes).
    Removing air32f10x_i2c.o(i.I2C_DMACmd), (24 bytes).
    Removing air32f10x_i2c.o(i.I2C_DMALastTransferCmd), (24 bytes).
    Removing air32f10x_i2c.o(i.I2C_DeInit), (56 bytes).
    Removing air32f10x_i2c.o(i.I2C_DualAddressCmd), (24 bytes).
    Removing air32f10x_i2c.o(i.I2C_FastModeDutyCycleConfig), (28 bytes).
    Removing air32f10x_i2c.o(i.I2C_GeneralCallCmd), (24 bytes).
    Removing air32f10x_i2c.o(i.I2C_GenerateSTART), (24 bytes).
    Removing air32f10x_i2c.o(i.I2C_GenerateSTOP), (24 bytes).
    Removing air32f10x_i2c.o(i.I2C_GetFlagStatus), (58 bytes).
    Removing air32f10x_i2c.o(i.I2C_GetITStatus), (38 bytes).
    Removing air32f10x_i2c.o(i.I2C_GetLastEvent), (26 bytes).
    Removing air32f10x_i2c.o(i.I2C_GetPEC), (8 bytes).
    Removing air32f10x_i2c.o(i.I2C_ITConfig), (18 bytes).
    Removing air32f10x_i2c.o(i.I2C_Init), (236 bytes).
    Removing air32f10x_i2c.o(i.I2C_NACKPositionConfig), (28 bytes).
    Removing air32f10x_i2c.o(i.I2C_OwnAddress2Config), (22 bytes).
    Removing air32f10x_i2c.o(i.I2C_PECPositionConfig), (28 bytes).
    Removing air32f10x_i2c.o(i.I2C_ReadRegister), (22 bytes).
    Removing air32f10x_i2c.o(i.I2C_ReceiveData), (8 bytes).
    Removing air32f10x_i2c.o(i.I2C_SMBusAlertConfig), (28 bytes).
    Removing air32f10x_i2c.o(i.I2C_Send7bitAddress), (18 bytes).
    Removing air32f10x_i2c.o(i.I2C_SendData), (4 bytes).
    Removing air32f10x_i2c.o(i.I2C_SoftwareResetCmd), (22 bytes).
    Removing air32f10x_i2c.o(i.I2C_StretchClockCmd), (24 bytes).
    Removing air32f10x_i2c.o(i.I2C_StructInit), (30 bytes).
    Removing air32f10x_i2c.o(i.I2C_TransmitPEC), (24 bytes).
    Removing air32f10x_rcc.o(.rev16_text), (4 bytes).
    Removing air32f10x_rcc.o(.revsh_text), (4 bytes).
    Removing air32f10x_rcc.o(.rrx_text), (6 bytes).
    Removing air32f10x_rcc.o(i.RCC_AHBPeriphClockCmd), (32 bytes).
    Removing air32f10x_rcc.o(i.RCC_APB1PeriphResetCmd), (32 bytes).
    Removing air32f10x_rcc.o(i.RCC_AdjustHSICalibrationValue), (24 bytes).
    Removing air32f10x_rcc.o(i.RCC_BackupResetCmd), (12 bytes).
    Removing air32f10x_rcc.o(i.RCC_ClearFlag), (20 bytes).
    Removing air32f10x_rcc.o(i.RCC_ClearITPendingBit), (12 bytes).
    Removing air32f10x_rcc.o(i.RCC_ClockSecuritySystemCmd), (12 bytes).
    Removing air32f10x_rcc.o(i.RCC_DeInit), (76 bytes).
    Removing air32f10x_rcc.o(i.RCC_GetFlagStatus), (60 bytes).
    Removing air32f10x_rcc.o(i.RCC_GetITStatus), (24 bytes).
    Removing air32f10x_rcc.o(i.RCC_GetSYSCLKSource), (16 bytes).
    Removing air32f10x_rcc.o(i.RCC_HCLKConfig), (24 bytes).
    Removing air32f10x_rcc.o(i.RCC_HSEConfig), (76 bytes).
    Removing air32f10x_rcc.o(i.RCC_HSICmd), (12 bytes).
    Removing air32f10x_rcc.o(i.RCC_ITConfig), (32 bytes).
    Removing air32f10x_rcc.o(i.RCC_LSEConfig), (52 bytes).
    Removing air32f10x_rcc.o(i.RCC_LSICmd), (12 bytes).
    Removing air32f10x_rcc.o(i.RCC_MCOConfig), (28 bytes).
    Removing air32f10x_rcc.o(i.RCC_PCLK1Config), (24 bytes).
    Removing air32f10x_rcc.o(i.RCC_PCLK2Config), (24 bytes).
    Removing air32f10x_rcc.o(i.RCC_PLLCmd), (12 bytes).
    Removing air32f10x_rcc.o(i.RCC_PLLConfig), (28 bytes).
    Removing air32f10x_rcc.o(i.RCC_RTCCLKCmd), (12 bytes).
    Removing air32f10x_rcc.o(i.RCC_RTCCLKConfig), (16 bytes).
    Removing air32f10x_rcc.o(i.RCC_SYSCLKConfig), (24 bytes).
    Removing air32f10x_rcc.o(i.RCC_USBCLKConfig), (32 bytes).
    Removing air32f10x_rcc.o(i.RCC_WaitForHSEStartUp), (56 bytes).
    Removing air32f10x_rcc_ex.o(.rev16_text), (4 bytes).
    Removing air32f10x_rcc_ex.o(.revsh_text), (4 bytes).
    Removing air32f10x_rcc_ex.o(.rrx_text), (6 bytes).
    Removing air32f10x_rcc_ex.o(i.AIR_RCC_PLLConfig), (144 bytes).
    Removing air32f10x_rcc_ex.o(.data), (20 bytes).
    Removing air32f10x_tim.o(.rev16_text), (4 bytes).
    Removing air32f10x_tim.o(.revsh_text), (4 bytes).
    Removing air32f10x_tim.o(.rrx_text), (6 bytes).
    Removing air32f10x_tim.o(i.TI1_Config), (128 bytes).
    Removing air32f10x_tim.o(i.TI2_Config), (152 bytes).
    Removing air32f10x_tim.o(i.TI3_Config), (144 bytes).
    Removing air32f10x_tim.o(i.TI4_Config), (152 bytes).
    Removing air32f10x_tim.o(i.TIM_ARRPreloadConfig), (24 bytes).
    Removing air32f10x_tim.o(i.TIM_BDTRConfig), (32 bytes).
    Removing air32f10x_tim.o(i.TIM_BDTRStructInit), (18 bytes).
    Removing air32f10x_tim.o(i.TIM_CCPreloadControl), (24 bytes).
    Removing air32f10x_tim.o(i.TIM_CCxCmd), (30 bytes).
    Removing air32f10x_tim.o(i.TIM_CCxNCmd), (30 bytes).
    Removing air32f10x_tim.o(i.TIM_ClearFlag), (6 bytes).
    Removing air32f10x_tim.o(i.TIM_ClearITPendingBit), (6 bytes).
    Removing air32f10x_tim.o(i.TIM_ClearOC1Ref), (18 bytes).
    Removing air32f10x_tim.o(i.TIM_ClearOC2Ref), (24 bytes).
    Removing air32f10x_tim.o(i.TIM_ClearOC3Ref), (18 bytes).
    Removing air32f10x_tim.o(i.TIM_ClearOC4Ref), (24 bytes).
    Removing air32f10x_tim.o(i.TIM_CounterModeConfig), (18 bytes).
    Removing air32f10x_tim.o(i.TIM_CtrlPWMOutputs), (30 bytes).
    Removing air32f10x_tim.o(i.TIM_DMACmd), (18 bytes).
    Removing air32f10x_tim.o(i.TIM_DMAConfig), (10 bytes).
    Removing air32f10x_tim.o(i.TIM_DeInit), (400 bytes).
    Removing air32f10x_tim.o(i.TIM_ETRClockMode1Config), (54 bytes).
    Removing air32f10x_tim.o(i.TIM_ETRClockMode2Config), (32 bytes).
    Removing air32f10x_tim.o(i.TIM_ETRConfig), (28 bytes).
    Removing air32f10x_tim.o(i.TIM_EncoderInterfaceConfig), (66 bytes).
    Removing air32f10x_tim.o(i.TIM_ForcedOC1Config), (18 bytes).
    Removing air32f10x_tim.o(i.TIM_ForcedOC2Config), (26 bytes).
    Removing air32f10x_tim.o(i.TIM_ForcedOC3Config), (18 bytes).
    Removing air32f10x_tim.o(i.TIM_ForcedOC4Config), (26 bytes).
    Removing air32f10x_tim.o(i.TIM_GenerateEvent), (4 bytes).
    Removing air32f10x_tim.o(i.TIM_GetCapture1), (6 bytes).
    Removing air32f10x_tim.o(i.TIM_GetCapture2), (6 bytes).
    Removing air32f10x_tim.o(i.TIM_GetCapture3), (6 bytes).
    Removing air32f10x_tim.o(i.TIM_GetCapture4), (8 bytes).
    Removing air32f10x_tim.o(i.TIM_GetCounter), (6 bytes).
    Removing air32f10x_tim.o(i.TIM_GetFlagStatus), (18 bytes).
    Removing air32f10x_tim.o(i.TIM_GetITStatus), (34 bytes).
    Removing air32f10x_tim.o(i.TIM_GetPrescaler), (6 bytes).
    Removing air32f10x_tim.o(i.TIM_ICInit), (172 bytes).
    Removing air32f10x_tim.o(i.TIM_ICStructInit), (18 bytes).
    Removing air32f10x_tim.o(i.TIM_ITConfig), (18 bytes).
    Removing air32f10x_tim.o(i.TIM_ITRxExternalClockConfig), (24 bytes).
    Removing air32f10x_tim.o(i.TIM_InternalClockConfig), (12 bytes).
    Removing air32f10x_tim.o(i.TIM_OC1FastConfig), (18 bytes).
    Removing air32f10x_tim.o(i.TIM_OC1NPolarityConfig), (18 bytes).
    Removing air32f10x_tim.o(i.TIM_OC1PolarityConfig), (18 bytes).
    Removing air32f10x_tim.o(i.TIM_OC1PreloadConfig), (18 bytes).
    Removing air32f10x_tim.o(i.TIM_OC2FastConfig), (26 bytes).
    Removing air32f10x_tim.o(i.TIM_OC2NPolarityConfig), (26 bytes).
    Removing air32f10x_tim.o(i.TIM_OC2PolarityConfig), (26 bytes).
    Removing air32f10x_tim.o(i.TIM_OC2PreloadConfig), (26 bytes).
    Removing air32f10x_tim.o(i.TIM_OC3FastConfig), (18 bytes).
    Removing air32f10x_tim.o(i.TIM_OC3Init), (160 bytes).
    Removing air32f10x_tim.o(i.TIM_OC3NPolarityConfig), (26 bytes).
    Removing air32f10x_tim.o(i.TIM_OC3PolarityConfig), (26 bytes).
    Removing air32f10x_tim.o(i.TIM_OC3PreloadConfig), (18 bytes).
    Removing air32f10x_tim.o(i.TIM_OC4FastConfig), (26 bytes).
    Removing air32f10x_tim.o(i.TIM_OC4Init), (124 bytes).
    Removing air32f10x_tim.o(i.TIM_OC4PolarityConfig), (26 bytes).
    Removing air32f10x_tim.o(i.TIM_OC4PreloadConfig), (26 bytes).
    Removing air32f10x_tim.o(i.TIM_PWMIConfig), (124 bytes).
    Removing air32f10x_tim.o(i.TIM_PrescalerConfig), (6 bytes).
    Removing air32f10x_tim.o(i.TIM_SelectCCDMA), (24 bytes).
    Removing air32f10x_tim.o(i.TIM_SelectCOM), (24 bytes).
    Removing air32f10x_tim.o(i.TIM_SelectHallSensor), (24 bytes).
    Removing air32f10x_tim.o(i.TIM_SelectInputTrigger), (18 bytes).
    Removing air32f10x_tim.o(i.TIM_SelectMasterSlaveMode), (18 bytes).
    Removing air32f10x_tim.o(i.TIM_SelectOCxM), (82 bytes).
    Removing air32f10x_tim.o(i.TIM_SelectOnePulseMode), (18 bytes).
    Removing air32f10x_tim.o(i.TIM_SelectOutputTrigger), (18 bytes).
    Removing air32f10x_tim.o(i.TIM_SelectSlaveMode), (18 bytes).
    Removing air32f10x_tim.o(i.TIM_SetAutoreload), (4 bytes).
    Removing air32f10x_tim.o(i.TIM_SetClockDivision), (18 bytes).
    Removing air32f10x_tim.o(i.TIM_SetCompare3), (4 bytes).
    Removing air32f10x_tim.o(i.TIM_SetCompare4), (6 bytes).
    Removing air32f10x_tim.o(i.TIM_SetCounter), (4 bytes).
    Removing air32f10x_tim.o(i.TIM_SetIC1Prescaler), (18 bytes).
    Removing air32f10x_tim.o(i.TIM_SetIC2Prescaler), (26 bytes).
    Removing air32f10x_tim.o(i.TIM_SetIC3Prescaler), (18 bytes).
    Removing air32f10x_tim.o(i.TIM_SetIC4Prescaler), (26 bytes).
    Removing air32f10x_tim.o(i.TIM_TIxExternalClockConfig), (62 bytes).
    Removing air32f10x_tim.o(i.TIM_UpdateDisableConfig), (24 bytes).
    Removing air32f10x_tim.o(i.TIM_UpdateRequestConfig), (24 bytes).
    Removing delay.o(.rev16_text), (4 bytes).
    Removing delay.o(.revsh_text), (4 bytes).
    Removing delay.o(.rrx_text), (6 bytes).
    Removing delay.o(i.Delay_S), (38 bytes).
    Removing misc.o(.rev16_text), (4 bytes).
    Removing misc.o(.revsh_text), (4 bytes).
    Removing misc.o(.rrx_text), (6 bytes).
    Removing misc.o(i.NVIC_Init), (112 bytes).
    Removing misc.o(i.NVIC_SetVectorTable), (20 bytes).
    Removing misc.o(i.NVIC_SystemLPConfig), (32 bytes).
    Removing gpio_air32f10x.o(.rev16_text), (4 bytes).
    Removing gpio_air32f10x.o(.revsh_text), (4 bytes).
    Removing gpio_air32f10x.o(.rrx_text), (6 bytes).
    Removing gpio_air32f10x.o(i.GPIO_AFConfigure), (156 bytes).
    Removing gpio_air32f10x.o(i.GPIO_GetPortClockState), (152 bytes).
    Removing gpio_air32f10x.o(i.GPIO_PinConfigure), (120 bytes).
    Removing gpio_air32f10x.o(i.GPIO_PortClock), (316 bytes).
    Removing startup_air32f10x.o(HEAP), (94208 bytes).
    Removing system_air32f10x.o(.rev16_text), (4 bytes).
    Removing system_air32f10x.o(.revsh_text), (4 bytes).
    Removing system_air32f10x.o(.rrx_text), (6 bytes).
    Removing system_air32f10x.o(i.SystemCoreClockUpdate), (164 bytes).
    Removing dadd.o(.text), (334 bytes).
    Removing dfixul.o(.text), (48 bytes).
    Removing cdrcmple.o(.text), (48 bytes).

251 unused section(s) (total 102876 bytes) removed from the image.

==============================================================================

Image Symbol Table

    Local Symbols

    Symbol Name                              Value     Ov Type        Size  Object(Section)

    ../clib/../cmprslib/lz77c.c              0x00000000   Number         0  __dclz77c.o ABSOLUTE
    ../clib/microlib/division.c              0x00000000   Number         0  uidiv.o ABSOLUTE
    ../clib/microlib/division.c              0x00000000   Number         0  uldiv.o ABSOLUTE
    ../clib/microlib/init/entry.s            0x00000000   Number         0  entry7a.o ABSOLUTE
    ../clib/microlib/init/entry.s            0x00000000   Number         0  entry11a.o ABSOLUTE
    ../clib/microlib/init/entry.s            0x00000000   Number         0  entry10b.o ABSOLUTE
    ../clib/microlib/init/entry.s            0x00000000   Number         0  entry9a.o ABSOLUTE
    ../clib/microlib/init/entry.s            0x00000000   Number         0  entry8a.o ABSOLUTE
    ../clib/microlib/init/entry.s            0x00000000   Number         0  entry7b.o ABSOLUTE
    ../clib/microlib/init/entry.s            0x00000000   Number         0  entry10a.o ABSOLUTE
    ../clib/microlib/init/entry.s            0x00000000   Number         0  entry9b.o ABSOLUTE
    ../clib/microlib/init/entry.s            0x00000000   Number         0  entry2.o ABSOLUTE
    ../clib/microlib/init/entry.s            0x00000000   Number         0  entry8b.o ABSOLUTE
    ../clib/microlib/init/entry.s            0x00000000   Number         0  entry.o ABSOLUTE
    ../clib/microlib/init/entry.s            0x00000000   Number         0  entry5.o ABSOLUTE
    ../clib/microlib/init/entry.s            0x00000000   Number         0  entry11b.o ABSOLUTE
    ../clib/microlib/longlong.c              0x00000000   Number         0  llushr.o ABSOLUTE
    ../clib/microlib/longlong.c              0x00000000   Number         0  llshl.o ABSOLUTE
    ../clib/microlib/longlong.c              0x00000000   Number         0  llsshr.o ABSOLUTE
    ../clib/microlib/printf/printf.c         0x00000000   Number         0  printfa.o ABSOLUTE
    ../clib/microlib/printf/printf.c         0x00000000   Number         0  printfb.o ABSOLUTE
    ../clib/microlib/printf/printf.c         0x00000000   Number         0  printf0.o ABSOLUTE
    ../clib/microlib/printf/printf.c         0x00000000   Number         0  printf1.o ABSOLUTE
    ../clib/microlib/printf/printf.c         0x00000000   Number         0  printf2.o ABSOLUTE
    ../clib/microlib/printf/printf.c         0x00000000   Number         0  printf3.o ABSOLUTE
    ../clib/microlib/printf/printf.c         0x00000000   Number         0  printf4.o ABSOLUTE
    ../clib/microlib/printf/printf.c         0x00000000   Number         0  printf5.o ABSOLUTE
    ../clib/microlib/printf/printf.c         0x00000000   Number         0  printf6.o ABSOLUTE
    ../clib/microlib/printf/printf.c         0x00000000   Number         0  printf7.o ABSOLUTE
    ../clib/microlib/printf/printf.c         0x00000000   Number         0  printf8.o ABSOLUTE
    ../clib/microlib/printf/stubs.s          0x00000000   Number         0  stubs.o ABSOLUTE
    ../clib/microlib/stdio/fputc.c           0x00000000   Number         0  fputc.o ABSOLUTE
    ../clib/microlib/stdio/semi.s            0x00000000   Number         0  semi.o ABSOLUTE
    ../clib/microlib/stdio/streams.c         0x00000000   Number         0  stdout.o ABSOLUTE
    ../clib/microlib/stubs.s                 0x00000000   Number         0  iusesemip.o ABSOLUTE
    ../clib/microlib/stubs.s                 0x00000000   Number         0  iusefp.o ABSOLUTE
    ../fplib/microlib/d2f.c                  0x00000000   Number         0  d2f.o ABSOLUTE
    ../fplib/microlib/fpadd.c                0x00000000   Number         0  dadd.o ABSOLUTE
    ../fplib/microlib/fpdiv.c                0x00000000   Number         0  ddiv.o ABSOLUTE
    ../fplib/microlib/fpepilogue.c           0x00000000   Number         0  depilogue.o ABSOLUTE
    ../fplib/microlib/fpepilogue.c           0x00000000   Number         0  fepilogue.o ABSOLUTE
    ../fplib/microlib/fpfix.c                0x00000000   Number         0  dfixul.o ABSOLUTE
    ../fplib/microlib/fpflt.c                0x00000000   Number         0  dfltui.o ABSOLUTE
    ../fplib/microlib/fpmul.c                0x00000000   Number         0  dmul.o ABSOLUTE
    C:\Users\Administrator\AppData\Local\Arm\Packs\Keil\AIR32F103_DFP\1.1.2\Device\StdPeriph_Driver\src\air32f10x_adc.c 0x00000000   Number         0  air32f10x_adc.o ABSOLUTE
    C:\Users\Administrator\AppData\Local\Arm\Packs\Keil\AIR32F103_DFP\1.1.2\Device\StdPeriph_Driver\src\air32f10x_gpio.c 0x00000000   Number         0  air32f10x_gpio.o ABSOLUTE
    C:\Users\Administrator\AppData\Local\Arm\Packs\Keil\AIR32F103_DFP\1.1.2\Device\StdPeriph_Driver\src\air32f10x_i2c.c 0x00000000   Number         0  air32f10x_i2c.o ABSOLUTE
    C:\Users\Administrator\AppData\Local\Arm\Packs\Keil\AIR32F103_DFP\1.1.2\Device\StdPeriph_Driver\src\air32f10x_rcc.c 0x00000000   Number         0  air32f10x_rcc.o ABSOLUTE
    C:\Users\Administrator\AppData\Local\Arm\Packs\Keil\AIR32F103_DFP\1.1.2\Device\StdPeriph_Driver\src\air32f10x_rcc_ex.c 0x00000000   Number         0  air32f10x_rcc_ex.o ABSOLUTE
    C:\Users\Administrator\AppData\Local\Arm\Packs\Keil\AIR32F103_DFP\1.1.2\Device\StdPeriph_Driver\src\air32f10x_tim.c 0x00000000   Number         0  air32f10x_tim.o ABSOLUTE
    C:\Users\Administrator\AppData\Local\Arm\Packs\Keil\AIR32F103_DFP\1.1.2\Device\StdPeriph_Driver\src\delay.c 0x00000000   Number         0  delay.o ABSOLUTE
    C:\Users\Administrator\AppData\Local\Arm\Packs\Keil\AIR32F103_DFP\1.1.2\Device\StdPeriph_Driver\src\misc.c 0x00000000   Number         0  misc.o ABSOLUTE
    C:\Users\Administrator\AppData\Local\Arm\Packs\Keil\AIR32F103_DFP\1.1.2\RTE_Driver\GPIO_AIR32F10x.c 0x00000000   Number         0  gpio_air32f10x.o ABSOLUTE
    C:\\Users\\Administrator\\AppData\\Local\\Arm\\Packs\\Keil\\AIR32F103_DFP\\1.1.2\\Device\\StdPeriph_Driver\\src\\air32f10x_adc.c 0x00000000   Number         0  air32f10x_adc.o ABSOLUTE
    C:\\Users\\Administrator\\AppData\\Local\\Arm\\Packs\\Keil\\AIR32F103_DFP\\1.1.2\\Device\\StdPeriph_Driver\\src\\air32f10x_gpio.c 0x00000000   Number         0  air32f10x_gpio.o ABSOLUTE
    C:\\Users\\Administrator\\AppData\\Local\\Arm\\Packs\\Keil\\AIR32F103_DFP\\1.1.2\\Device\\StdPeriph_Driver\\src\\air32f10x_i2c.c 0x00000000   Number         0  air32f10x_i2c.o ABSOLUTE
    C:\\Users\\Administrator\\AppData\\Local\\Arm\\Packs\\Keil\\AIR32F103_DFP\\1.1.2\\Device\\StdPeriph_Driver\\src\\air32f10x_rcc.c 0x00000000   Number         0  air32f10x_rcc.o ABSOLUTE
    C:\\Users\\Administrator\\AppData\\Local\\Arm\\Packs\\Keil\\AIR32F103_DFP\\1.1.2\\Device\\StdPeriph_Driver\\src\\air32f10x_rcc_ex.c 0x00000000   Number         0  air32f10x_rcc_ex.o ABSOLUTE
    C:\\Users\\Administrator\\AppData\\Local\\Arm\\Packs\\Keil\\AIR32F103_DFP\\1.1.2\\Device\\StdPeriph_Driver\\src\\air32f10x_tim.c 0x00000000   Number         0  air32f10x_tim.o ABSOLUTE
    C:\\Users\\Administrator\\AppData\\Local\\Arm\\Packs\\Keil\\AIR32F103_DFP\\1.1.2\\Device\\StdPeriph_Driver\\src\\delay.c 0x00000000   Number         0  delay.o ABSOLUTE
    C:\\Users\\Administrator\\AppData\\Local\\Arm\\Packs\\Keil\\AIR32F103_DFP\\1.1.2\\Device\\StdPeriph_Driver\\src\\misc.c 0x00000000   Number         0  misc.o ABSOLUTE
    C:\\Users\\Administrator\\AppData\\Local\\Arm\\Packs\\Keil\\AIR32F103_DFP\\1.1.2\\RTE_Driver\\GPIO_AIR32F10x.c 0x00000000   Number         0  gpio_air32f10x.o ABSOLUTE
    RTE\Device\AIR32F103CB\startup_air32f10x.s 0x00000000   Number         0  startup_air32f10x.o ABSOLUTE
    RTE\Device\AIR32F103CB\system_air32f10x.c 0x00000000   Number         0  system_air32f10x.o ABSOLUTE
    RTE\\Device\\AIR32F103CB\\system_air32f10x.c 0x00000000   Number         0  system_air32f10x.o ABSOLUTE
    adc.c                                    0x00000000   Number         0  adc.o ABSOLUTE
    adc.c                                    0x00000000   Number         0  adc.o ABSOLUTE
    cdrcmple.s                               0x00000000   Number         0  cdrcmple.o ABSOLUTE
    cfrcmple.s                               0x00000000   Number         0  cfrcmple.o ABSOLUTE
    dc.s                                     0x00000000   Number         0  dc.o ABSOLUTE
    handlers.s                               0x00000000   Number         0  handlers.o ABSOLUTE
    init.s                                   0x00000000   Number         0  init.o ABSOLUTE
    key.c                                    0x00000000   Number         0  key.o ABSOLUTE
    main.c                                   0x00000000   Number         0  main.o ABSOLUTE
    main.c                                   0x00000000   Number         0  main.o ABSOLUTE
    oled.c                                   0x00000000   Number         0  oled.o ABSOLUTE
    oled.c                                   0x00000000   Number         0  oled.o ABSOLUTE
    pwm.c                                    0x00000000   Number         0  pwm.o ABSOLUTE
    pwm.c                                    0x00000000   Number         0  pwm.o ABSOLUTE
    RESET                                    0x08000000   Section      544  startup_air32f10x.o(RESET)
    .ARM.Collect$$$$00000000                 0x08000220   Section        0  entry.o(.ARM.Collect$$$$00000000)
    .ARM.Collect$$$$00000001                 0x08000220   Section        4  entry2.o(.ARM.Collect$$$$00000001)
    .ARM.Collect$$$$00000004                 0x08000224   Section        4  entry5.o(.ARM.Collect$$$$00000004)
    .ARM.Collect$$$$00000008                 0x08000228   Section        0  entry7b.o(.ARM.Collect$$$$00000008)
    .ARM.Collect$$$$0000000A                 0x08000228   Section        0  entry8b.o(.ARM.Collect$$$$0000000A)
    .ARM.Collect$$$$0000000B                 0x08000228   Section        8  entry9a.o(.ARM.Collect$$$$0000000B)
    .ARM.Collect$$$$0000000D                 0x08000230   Section        0  entry10a.o(.ARM.Collect$$$$0000000D)
    .ARM.Collect$$$$0000000F                 0x08000230   Section        0  entry11a.o(.ARM.Collect$$$$0000000F)
    .ARM.Collect$$$$00002712                 0x08000230   Section        4  entry2.o(.ARM.Collect$$$$00002712)
    __lit__00000000                          0x08000230   Data           4  entry2.o(.ARM.Collect$$$$00002712)
    .text                                    0x08000234   Section      112  startup_air32f10x.o(.text)
    .text                                    0x080002a4   Section        0  dmul.o(.text)
    .text                                    0x08000388   Section        0  ddiv.o(.text)
    .text                                    0x08000466   Section        0  dfltui.o(.text)
    .text                                    0x08000480   Section        0  d2f.o(.text)
    .text                                    0x080004b8   Section       20  cfrcmple.o(.text)
    .text                                    0x080004cc   Section        0  uidiv.o(.text)
    .text                                    0x080004f8   Section        0  fepilogue.o(.text)
    .text                                    0x080004f8   Section        0  iusefp.o(.text)
    .text                                    0x08000566   Section        0  depilogue.o(.text)
    .text                                    0x08000620   Section       36  init.o(.text)
    .text                                    0x08000644   Section        0  llshl.o(.text)
    .text                                    0x08000662   Section        0  llushr.o(.text)
    .text                                    0x08000682   Section        0  __dclz77c.o(.text)
    i.ADC_Cmd                                0x080006e0   Section        0  air32f10x_adc.o(i.ADC_Cmd)
    i.ADC_DeInit                             0x080006f8   Section        0  air32f10x_adc.o(i.ADC_DeInit)
    i.ADC_GetCalibrationStatus               0x08000754   Section        0  air32f10x_adc.o(i.ADC_GetCalibrationStatus)
    i.ADC_GetConversionValue                 0x08000768   Section        0  air32f10x_adc.o(i.ADC_GetConversionValue)
    i.ADC_GetFlagStatus                      0x08000770   Section        0  air32f10x_adc.o(i.ADC_GetFlagStatus)
    i.ADC_GetResetCalibrationStatus          0x08000782   Section        0  air32f10x_adc.o(i.ADC_GetResetCalibrationStatus)
    i.ADC_Init                               0x08000798   Section        0  air32f10x_adc.o(i.ADC_Init)
    i.ADC_RegularChannelConfig               0x080007e8   Section        0  air32f10x_adc.o(i.ADC_RegularChannelConfig)
    i.ADC_ResetCalibration                   0x080008a0   Section        0  air32f10x_adc.o(i.ADC_ResetCalibration)
    i.ADC_SoftwareStartConvCmd               0x080008aa   Section        0  air32f10x_adc.o(i.ADC_SoftwareStartConvCmd)
    i.ADC_StartCalibration                   0x080008c0   Section        0  air32f10x_adc.o(i.ADC_StartCalibration)
    i.Adc_Init                               0x080008cc   Section        0  adc.o(i.Adc_Init)
    i.Delay_Init                             0x0800097c   Section        0  delay.o(i.Delay_Init)
    i.Delay_Ms                               0x080009c4   Section        0  delay.o(i.Delay_Ms)
    i.Delay_Us                               0x08000a10   Section        0  delay.o(i.Delay_Us)
    i.GPIO_Init                              0x08000a5c   Section        0  air32f10x_gpio.o(i.GPIO_Init)
    i.GPIO_ResetBits                         0x08000b72   Section        0  air32f10x_gpio.o(i.GPIO_ResetBits)
    i.GPIO_SetBits                           0x08000b76   Section        0  air32f10x_gpio.o(i.GPIO_SetBits)
    i.Get_Adc                                0x08000b7c   Section        0  adc.o(i.Get_Adc)
    i.Get_Adc_Average                        0x08000bb0   Section        0  adc.o(i.Get_Adc_Average)
    i.Get_Voltage                            0x08000be0   Section        0  adc.o(i.Get_Voltage)
    i.IIC_Start                              0x08000c24   Section        0  oled.o(i.IIC_Start)
    i.IIC_Stop                               0x08000c60   Section        0  oled.o(i.IIC_Stop)
    i.IIC_Wait_Ack                           0x08000c80   Section        0  oled.o(i.IIC_Wait_Ack)
    i.NVIC_PriorityGroupConfig               0x08000c98   Section        0  misc.o(i.NVIC_PriorityGroupConfig)
    i.OLEDInit                               0x08000cac   Section        0  oled.o(i.OLEDInit)
    i.OLED_Clear                             0x08000dc0   Section        0  oled.o(i.OLED_Clear)
    i.OLED_Set_Pos                           0x08000dfe   Section        0  oled.o(i.OLED_Set_Pos)
    i.OLED_ShowChar                          0x08000e28   Section        0  oled.o(i.OLED_ShowChar)
    i.OLED_ShowString                        0x08000ecc   Section        0  oled.o(i.OLED_ShowString)
    i.OLED_WR_Byte                           0x08000f06   Section        0  oled.o(i.OLED_WR_Byte)
    i.RCC_ADCCLKConfig                       0x08000f20   Section        0  air32f10x_rcc.o(i.RCC_ADCCLKConfig)
    i.RCC_APB1PeriphClockCmd                 0x08000f3c   Section        0  air32f10x_rcc.o(i.RCC_APB1PeriphClockCmd)
    i.RCC_APB2PeriphClockCmd                 0x08000f5c   Section        0  air32f10x_rcc.o(i.RCC_APB2PeriphClockCmd)
    i.RCC_APB2PeriphResetCmd                 0x08000f7c   Section        0  air32f10x_rcc.o(i.RCC_APB2PeriphResetCmd)
    i.RCC_GetClocksFreq                      0x08000f9c   Section        0  air32f10x_rcc.o(i.RCC_GetClocksFreq)
    i.Servo_GPIO_Init                        0x08001088   Section        0  pwm.o(i.Servo_GPIO_Init)
    i.Servo_SetAngle                         0x080010b4   Section        0  pwm.o(i.Servo_SetAngle)
    i.Servo_TIM_Init                         0x080010ec   Section        0  pwm.o(i.Servo_TIM_Init)
    i.SetSysClock                            0x0800117c   Section        0  system_air32f10x.o(i.SetSysClock)
    SetSysClock                              0x0800117d   Thumb Code     8  system_air32f10x.o(i.SetSysClock)
    i.SetSysClockTo72                        0x08001184   Section        0  system_air32f10x.o(i.SetSysClockTo72)
    SetSysClockTo72                          0x08001185   Thumb Code   214  system_air32f10x.o(i.SetSysClockTo72)
    i.SysTick_CLKSourceConfig                0x08001264   Section        0  misc.o(i.SysTick_CLKSourceConfig)
    i.SystemInit                             0x0800128c   Section        0  system_air32f10x.o(i.SystemInit)
    i.TIM_Cmd                                0x080012ec   Section        0  air32f10x_tim.o(i.TIM_Cmd)
    i.TIM_OC1Init                            0x08001304   Section        0  air32f10x_tim.o(i.TIM_OC1Init)
    i.TIM_OC2Init                            0x08001380   Section        0  air32f10x_tim.o(i.TIM_OC2Init)
    i.TIM_OCStructInit                       0x08001424   Section        0  air32f10x_tim.o(i.TIM_OCStructInit)
    i.TIM_SetCompare1                        0x08001438   Section        0  air32f10x_tim.o(i.TIM_SetCompare1)
    i.TIM_SetCompare2                        0x0800143c   Section        0  air32f10x_tim.o(i.TIM_SetCompare2)
    i.TIM_TimeBaseInit                       0x08001440   Section        0  air32f10x_tim.o(i.TIM_TimeBaseInit)
    i.TIM_TimeBaseStructInit                 0x080014c4   Section        0  air32f10x_tim.o(i.TIM_TimeBaseStructInit)
    i.Write_IIC_Byte                         0x080014d8   Section        0  oled.o(i.Write_IIC_Byte)
    i.Write_IIC_Command                      0x08001534   Section        0  oled.o(i.Write_IIC_Command)
    i.Write_IIC_Data                         0x08001560   Section        0  oled.o(i.Write_IIC_Data)
    i.__0sprintf$1                           0x0800158c   Section        0  printf1.o(i.__0sprintf$1)
    i.__scatterload_copy                     0x080015b4   Section       14  handlers.o(i.__scatterload_copy)
    i.__scatterload_null                     0x080015c2   Section        2  handlers.o(i.__scatterload_null)
    i.__scatterload_zeroinit                 0x080015c4   Section       14  handlers.o(i.__scatterload_zeroinit)
    i._printf_core                           0x080015d4   Section        0  printf1.o(i._printf_core)
    _printf_core                             0x080015d5   Thumb Code   336  printf1.o(i._printf_core)
    i._sputc                                 0x08001728   Section        0  printf1.o(i._sputc)
    _sputc                                   0x08001729   Thumb Code    10  printf1.o(i._sputc)
    i.auto_task                              0x08001734   Section        0  main.o(i.auto_task)
    i.check_mode                             0x08001964   Section        0  main.o(i.check_mode)
    i.get_adc_Voltage                        0x080019b0   Section        0  main.o(i.get_adc_Voltage)
    i.get_key_value                          0x080019e8   Section        0  main.o(i.get_key_value)
    i.main                                   0x08001a20   Section        0  main.o(i.main)
    i.manua_task                             0x08001aa8   Section        0  main.o(i.manua_task)
    .constdata                               0x08001be8   Section     2072  oled.o(.constdata)
    .data                                    0x20000000   Section        5  main.o(.data)
    .data                                    0x20000005   Section     1537  oled.o(.data)
    flag                                     0x20000605   Data           1  oled.o(.data)
    .data                                    0x20000606   Section       20  air32f10x_rcc.o(.data)
    APBAHBPrescTable                         0x20000606   Data          16  air32f10x_rcc.o(.data)
    ADCPrescTable                            0x20000616   Data           4  air32f10x_rcc.o(.data)
    .data                                    0x2000061a   Section        4  delay.o(.data)
    UsNumber                                 0x2000061a   Data           1  delay.o(.data)
    MsNumber                                 0x2000061c   Data           2  delay.o(.data)
    .data                                    0x20000620   Section       20  system_air32f10x.o(.data)
    STACK                                    0x20000638   Section     1024  startup_air32f10x.o(STACK)

    Global Symbols

    Symbol Name                              Value     Ov Type        Size  Object(Section)

    BuildAttributes$$THM_ISAv4$P$D$K$B$S$PE$A:L22UL41UL21$X:L11$S22US41US21$IEEE1$IW$USESV6$~STKCKD$USESV7$~SHL$OTIME$ROPI$EBA8$MICROLIB$REQ8$PRES8$EABIv2 0x00000000   Number         0  anon$$obj.o ABSOLUTE
    __ARM_use_no_argv                        0x00000000   Number         0  main.o ABSOLUTE
    _printf_a                                0x00000000   Number         0  stubs.o ABSOLUTE
    _printf_c                                0x00000000   Number         0  stubs.o ABSOLUTE
    _printf_charcount                        0x00000000   Number         0  stubs.o ABSOLUTE
    _printf_d                                0x00000000   Number         0  stubs.o ABSOLUTE
    _printf_e                                0x00000000   Number         0  stubs.o ABSOLUTE
    _printf_f                                0x00000000   Number         0  stubs.o ABSOLUTE
    _printf_flags                            0x00000000   Number         0  stubs.o ABSOLUTE
    _printf_fp_dec                           0x00000000   Number         0  stubs.o ABSOLUTE
    _printf_fp_hex                           0x00000000   Number         0  stubs.o ABSOLUTE
    _printf_g                                0x00000000   Number         0  stubs.o ABSOLUTE
    _printf_i                                0x00000000   Number         0  stubs.o ABSOLUTE
    _printf_int_dec                          0x00000000   Number         0  stubs.o ABSOLUTE
    _printf_l                                0x00000000   Number         0  stubs.o ABSOLUTE
    _printf_lc                               0x00000000   Number         0  stubs.o ABSOLUTE
    _printf_ll                               0x00000000   Number         0  stubs.o ABSOLUTE
    _printf_lld                              0x00000000   Number         0  stubs.o ABSOLUTE
    _printf_lli                              0x00000000   Number         0  stubs.o ABSOLUTE
    _printf_llo                              0x00000000   Number         0  stubs.o ABSOLUTE
    _printf_llu                              0x00000000   Number         0  stubs.o ABSOLUTE
    _printf_llx                              0x00000000   Number         0  stubs.o ABSOLUTE
    _printf_longlong_dec                     0x00000000   Number         0  stubs.o ABSOLUTE
    _printf_longlong_hex                     0x00000000   Number         0  stubs.o ABSOLUTE
    _printf_longlong_oct                     0x00000000   Number         0  stubs.o ABSOLUTE
    _printf_ls                               0x00000000   Number         0  stubs.o ABSOLUTE
    _printf_mbtowc                           0x00000000   Number         0  stubs.o ABSOLUTE
    _printf_n                                0x00000000   Number         0  stubs.o ABSOLUTE
    _printf_o                                0x00000000   Number         0  stubs.o ABSOLUTE
    _printf_p                                0x00000000   Number         0  stubs.o ABSOLUTE
    _printf_percent                          0x00000000   Number         0  stubs.o ABSOLUTE
    _printf_pre_padding                      0x00000000   Number         0  stubs.o ABSOLUTE
    _printf_return_value                     0x00000000   Number         0  stubs.o ABSOLUTE
    _printf_s                                0x00000000   Number         0  stubs.o ABSOLUTE
    _printf_sizespec                         0x00000000   Number         0  stubs.o ABSOLUTE
    _printf_str                              0x00000000   Number         0  stubs.o ABSOLUTE
    _printf_truncate_signed                  0x00000000   Number         0  stubs.o ABSOLUTE
    _printf_truncate_unsigned                0x00000000   Number         0  stubs.o ABSOLUTE
    _printf_u                                0x00000000   Number         0  stubs.o ABSOLUTE
    _printf_wc                               0x00000000   Number         0  stubs.o ABSOLUTE
    _printf_wctomb                           0x00000000   Number         0  stubs.o ABSOLUTE
    _printf_widthprec                        0x00000000   Number         0  stubs.o ABSOLUTE
    _printf_x                                0x00000000   Number         0  stubs.o ABSOLUTE
    __cpp_initialize__aeabi_                  - Undefined Weak Reference
    __cxa_finalize                            - Undefined Weak Reference
    _clock_init                               - Undefined Weak Reference
    _microlib_exit                            - Undefined Weak Reference
    __Vectors_Size                           0x00000220   Number         0  startup_air32f10x.o ABSOLUTE
    __Vectors                                0x08000000   Data           4  startup_air32f10x.o(RESET)
    __Vectors_End                            0x08000220   Data           0  startup_air32f10x.o(RESET)
    __main                                   0x08000221   Thumb Code     0  entry.o(.ARM.Collect$$$$00000000)
    _main_stk                                0x08000221   Thumb Code     0  entry2.o(.ARM.Collect$$$$00000001)
    _main_scatterload                        0x08000225   Thumb Code     0  entry5.o(.ARM.Collect$$$$00000004)
    __main_after_scatterload                 0x08000229   Thumb Code     0  entry5.o(.ARM.Collect$$$$00000004)
    _main_clock                              0x08000229   Thumb Code     0  entry7b.o(.ARM.Collect$$$$00000008)
    _main_cpp_init                           0x08000229   Thumb Code     0  entry8b.o(.ARM.Collect$$$$0000000A)
    _main_init                               0x08000229   Thumb Code     0  entry9a.o(.ARM.Collect$$$$0000000B)
    __rt_final_cpp                           0x08000231   Thumb Code     0  entry10a.o(.ARM.Collect$$$$0000000D)
    __rt_final_exit                          0x08000231   Thumb Code     0  entry11a.o(.ARM.Collect$$$$0000000F)
    BOOT_RAM                                 0x08000235   Thumb Code     8  startup_air32f10x.o(.text)
    Reset_Handler                            0x0800023d   Thumb Code    46  startup_air32f10x.o(.text)
    NMI_Handler                              0x0800026b   Thumb Code     2  startup_air32f10x.o(.text)
    HardFault_Handler                        0x0800026d   Thumb Code     2  startup_air32f10x.o(.text)
    MemManage_Handler                        0x0800026f   Thumb Code     2  startup_air32f10x.o(.text)
    BusFault_Handler                         0x08000271   Thumb Code     2  startup_air32f10x.o(.text)
    UsageFault_Handler                       0x08000273   Thumb Code     2  startup_air32f10x.o(.text)
    SVC_Handler                              0x08000275   Thumb Code     2  startup_air32f10x.o(.text)
    DebugMon_Handler                         0x08000277   Thumb Code     2  startup_air32f10x.o(.text)
    PendSV_Handler                           0x08000279   Thumb Code     2  startup_air32f10x.o(.text)
    SysTick_Handler                          0x0800027b   Thumb Code     2  startup_air32f10x.o(.text)
    ADC1_2_IRQHandler                        0x0800027d   Thumb Code     0  startup_air32f10x.o(.text)
    ADC3_IRQHandler                          0x0800027d   Thumb Code     0  startup_air32f10x.o(.text)
    CAN1_RX1_IRQHandler                      0x0800027d   Thumb Code     0  startup_air32f10x.o(.text)
    CAN1_SCE_IRQHandler                      0x0800027d   Thumb Code     0  startup_air32f10x.o(.text)
    DMA1_Channel1_IRQHandler                 0x0800027d   Thumb Code     0  startup_air32f10x.o(.text)
    DMA1_Channel2_IRQHandler                 0x0800027d   Thumb Code     0  startup_air32f10x.o(.text)
    DMA1_Channel3_IRQHandler                 0x0800027d   Thumb Code     0  startup_air32f10x.o(.text)
    DMA1_Channel4_IRQHandler                 0x0800027d   Thumb Code     0  startup_air32f10x.o(.text)
    DMA1_Channel5_IRQHandler                 0x0800027d   Thumb Code     0  startup_air32f10x.o(.text)
    DMA1_Channel6_IRQHandler                 0x0800027d   Thumb Code     0  startup_air32f10x.o(.text)
    DMA1_Channel7_IRQHandler                 0x0800027d   Thumb Code     0  startup_air32f10x.o(.text)
    DMA2_Channel1_IRQHandler                 0x0800027d   Thumb Code     0  startup_air32f10x.o(.text)
    DMA2_Channel2_IRQHandler                 0x0800027d   Thumb Code     0  startup_air32f10x.o(.text)
    DMA2_Channel3_IRQHandler                 0x0800027d   Thumb Code     0  startup_air32f10x.o(.text)
    DMA2_Channel4_5_IRQHandler               0x0800027d   Thumb Code     0  startup_air32f10x.o(.text)
    EXTI0_IRQHandler                         0x0800027d   Thumb Code     0  startup_air32f10x.o(.text)
    EXTI15_10_IRQHandler                     0x0800027d   Thumb Code     0  startup_air32f10x.o(.text)
    EXTI1_IRQHandler                         0x0800027d   Thumb Code     0  startup_air32f10x.o(.text)
    EXTI2_IRQHandler                         0x0800027d   Thumb Code     0  startup_air32f10x.o(.text)
    EXTI3_IRQHandler                         0x0800027d   Thumb Code     0  startup_air32f10x.o(.text)
    EXTI4_IRQHandler                         0x0800027d   Thumb Code     0  startup_air32f10x.o(.text)
    EXTI9_5_IRQHandler                       0x0800027d   Thumb Code     0  startup_air32f10x.o(.text)
    FLASH_IRQHandler                         0x0800027d   Thumb Code     0  startup_air32f10x.o(.text)
    FSMC_IRQHandler                          0x0800027d   Thumb Code     0  startup_air32f10x.o(.text)
    I2C1_ER_IRQHandler                       0x0800027d   Thumb Code     0  startup_air32f10x.o(.text)
    I2C1_EV_IRQHandler                       0x0800027d   Thumb Code     0  startup_air32f10x.o(.text)
    I2C2_ER_IRQHandler                       0x0800027d   Thumb Code     0  startup_air32f10x.o(.text)
    I2C2_EV_IRQHandler                       0x0800027d   Thumb Code     0  startup_air32f10x.o(.text)
    PVD_IRQHandler                           0x0800027d   Thumb Code     0  startup_air32f10x.o(.text)
    RCC_IRQHandler                           0x0800027d   Thumb Code     0  startup_air32f10x.o(.text)
    RNG_IRQHandler                           0x0800027d   Thumb Code     0  startup_air32f10x.o(.text)
    RTCAlarm_IRQHandler                      0x0800027d   Thumb Code     0  startup_air32f10x.o(.text)
    RTC_IRQHandler                           0x0800027d   Thumb Code     0  startup_air32f10x.o(.text)
    SDIO_IRQHandler                          0x0800027d   Thumb Code     0  startup_air32f10x.o(.text)
    SENSOR_IRQHandler                        0x0800027d   Thumb Code     0  startup_air32f10x.o(.text)
    SPI1_IRQHandler                          0x0800027d   Thumb Code     0  startup_air32f10x.o(.text)
    SPI2_IRQHandler                          0x0800027d   Thumb Code     0  startup_air32f10x.o(.text)
    SPI3_IRQHandler                          0x0800027d   Thumb Code     0  startup_air32f10x.o(.text)
    SYMC_IRQHandler                          0x0800027d   Thumb Code     0  startup_air32f10x.o(.text)
    TAMPER_IRQHandler                        0x0800027d   Thumb Code     0  startup_air32f10x.o(.text)
    TIM1_BRK_IRQHandler                      0x0800027d   Thumb Code     0  startup_air32f10x.o(.text)
    TIM1_CC_IRQHandler                       0x0800027d   Thumb Code     0  startup_air32f10x.o(.text)
    TIM1_TRG_COM_IRQHandler                  0x0800027d   Thumb Code     0  startup_air32f10x.o(.text)
    TIM1_UP_IRQHandler                       0x0800027d   Thumb Code     0  startup_air32f10x.o(.text)
    TIM2_IRQHandler                          0x0800027d   Thumb Code     0  startup_air32f10x.o(.text)
    TIM3_IRQHandler                          0x0800027d   Thumb Code     0  startup_air32f10x.o(.text)
    TIM4_IRQHandler                          0x0800027d   Thumb Code     0  startup_air32f10x.o(.text)
    TIM5_IRQHandler                          0x0800027d   Thumb Code     0  startup_air32f10x.o(.text)
    TIM6_IRQHandler                          0x0800027d   Thumb Code     0  startup_air32f10x.o(.text)
    TIM7_IRQHandler                          0x0800027d   Thumb Code     0  startup_air32f10x.o(.text)
    TIM8_BRK_IRQHandler                      0x0800027d   Thumb Code     0  startup_air32f10x.o(.text)
    TIM8_CC_IRQHandler                       0x0800027d   Thumb Code     0  startup_air32f10x.o(.text)
    TIM8_TRG_COM_IRQHandler                  0x0800027d   Thumb Code     0  startup_air32f10x.o(.text)
    TIM8_UP_IRQHandler                       0x0800027d   Thumb Code     0  startup_air32f10x.o(.text)
    UART4_IRQHandler                         0x0800027d   Thumb Code     0  startup_air32f10x.o(.text)
    UART5_IRQHandler                         0x0800027d   Thumb Code     0  startup_air32f10x.o(.text)
    USART1_IRQHandler                        0x0800027d   Thumb Code     0  startup_air32f10x.o(.text)
    USART2_IRQHandler                        0x0800027d   Thumb Code     0  startup_air32f10x.o(.text)
    USART3_IRQHandler                        0x0800027d   Thumb Code     0  startup_air32f10x.o(.text)
    USBWakeUp_IRQHandler                     0x0800027d   Thumb Code     0  startup_air32f10x.o(.text)
    USB_HP_CAN1_TX_IRQHandler                0x0800027d   Thumb Code     0  startup_air32f10x.o(.text)
    USB_LP_CAN1_RX0_IRQHandler               0x0800027d   Thumb Code     0  startup_air32f10x.o(.text)
    WWDG_IRQHandler                          0x0800027d   Thumb Code     0  startup_air32f10x.o(.text)
    __aeabi_dmul                             0x080002a5   Thumb Code   228  dmul.o(.text)
    __aeabi_ddiv                             0x08000389   Thumb Code   222  ddiv.o(.text)
    __aeabi_ui2d                             0x08000467   Thumb Code    26  dfltui.o(.text)
    __aeabi_d2f                              0x08000481   Thumb Code    56  d2f.o(.text)
    __aeabi_cfrcmple                         0x080004b9   Thumb Code    20  cfrcmple.o(.text)
    __aeabi_uidiv                            0x080004cd   Thumb Code     0  uidiv.o(.text)
    __aeabi_uidivmod                         0x080004cd   Thumb Code    44  uidiv.o(.text)
    __I$use$fp                               0x080004f9   Thumb Code     0  iusefp.o(.text)
    _float_round                             0x080004f9   Thumb Code    18  fepilogue.o(.text)
    _float_epilogue                          0x0800050b   Thumb Code    92  fepilogue.o(.text)
    _double_round                            0x08000567   Thumb Code    30  depilogue.o(.text)
    _double_epilogue                         0x08000585   Thumb Code   156  depilogue.o(.text)
    __scatterload                            0x08000621   Thumb Code    28  init.o(.text)
    __scatterload_rt2                        0x08000621   Thumb Code     0  init.o(.text)
    __aeabi_llsl                             0x08000645   Thumb Code    30  llshl.o(.text)
    _ll_shift_l                              0x08000645   Thumb Code     0  llshl.o(.text)
    __aeabi_llsr                             0x08000663   Thumb Code    32  llushr.o(.text)
    _ll_ushift_r                             0x08000663   Thumb Code     0  llushr.o(.text)
    __decompress                             0x08000683   Thumb Code     0  __dclz77c.o(.text)
    __decompress2                            0x08000683   Thumb Code    94  __dclz77c.o(.text)
    ADC_Cmd                                  0x080006e1   Thumb Code    22  air32f10x_adc.o(i.ADC_Cmd)
    ADC_DeInit                               0x080006f9   Thumb Code    78  air32f10x_adc.o(i.ADC_DeInit)
    ADC_GetCalibrationStatus                 0x08000755   Thumb Code    20  air32f10x_adc.o(i.ADC_GetCalibrationStatus)
    ADC_GetConversionValue                   0x08000769   Thumb Code     8  air32f10x_adc.o(i.ADC_GetConversionValue)
    ADC_GetFlagStatus                        0x08000771   Thumb Code    18  air32f10x_adc.o(i.ADC_GetFlagStatus)
    ADC_GetResetCalibrationStatus            0x08000783   Thumb Code    20  air32f10x_adc.o(i.ADC_GetResetCalibrationStatus)
    ADC_Init                                 0x08000799   Thumb Code    70  air32f10x_adc.o(i.ADC_Init)
    ADC_RegularChannelConfig                 0x080007e9   Thumb Code   184  air32f10x_adc.o(i.ADC_RegularChannelConfig)
    ADC_ResetCalibration                     0x080008a1   Thumb Code    10  air32f10x_adc.o(i.ADC_ResetCalibration)
    ADC_SoftwareStartConvCmd                 0x080008ab   Thumb Code    22  air32f10x_adc.o(i.ADC_SoftwareStartConvCmd)
    ADC_StartCalibration                     0x080008c1   Thumb Code    10  air32f10x_adc.o(i.ADC_StartCalibration)
    Adc_Init                                 0x080008cd   Thumb Code   164  adc.o(i.Adc_Init)
    Delay_Init                               0x0800097d   Thumb Code    58  delay.o(i.Delay_Init)
    Delay_Ms                                 0x080009c5   Thumb Code    72  delay.o(i.Delay_Ms)
    Delay_Us                                 0x08000a11   Thumb Code    72  delay.o(i.Delay_Us)
    GPIO_Init                                0x08000a5d   Thumb Code   278  air32f10x_gpio.o(i.GPIO_Init)
    GPIO_ResetBits                           0x08000b73   Thumb Code     4  air32f10x_gpio.o(i.GPIO_ResetBits)
    GPIO_SetBits                             0x08000b77   Thumb Code     4  air32f10x_gpio.o(i.GPIO_SetBits)
    Get_Adc                                  0x08000b7d   Thumb Code    46  adc.o(i.Get_Adc)
    Get_Adc_Average                          0x08000bb1   Thumb Code    46  adc.o(i.Get_Adc_Average)
    Get_Voltage                              0x08000be1   Thumb Code    60  adc.o(i.Get_Voltage)
    IIC_Start                                0x08000c25   Thumb Code    52  oled.o(i.IIC_Start)
    IIC_Stop                                 0x08000c61   Thumb Code    28  oled.o(i.IIC_Stop)
    IIC_Wait_Ack                             0x08000c81   Thumb Code    20  oled.o(i.IIC_Wait_Ack)
    NVIC_PriorityGroupConfig                 0x08000c99   Thumb Code    10  misc.o(i.NVIC_PriorityGroupConfig)
    OLEDInit                                 0x08000cad   Thumb Code   270  oled.o(i.OLEDInit)
    OLED_Clear                               0x08000dc1   Thumb Code    62  oled.o(i.OLED_Clear)
    OLED_Set_Pos                             0x08000dff   Thumb Code    40  oled.o(i.OLED_Set_Pos)
    OLED_ShowChar                            0x08000e29   Thumb Code   154  oled.o(i.OLED_ShowChar)
    OLED_ShowString                          0x08000ecd   Thumb Code    58  oled.o(i.OLED_ShowString)
    OLED_WR_Byte                             0x08000f07   Thumb Code    24  oled.o(i.OLED_WR_Byte)
    RCC_ADCCLKConfig                         0x08000f21   Thumb Code    20  air32f10x_rcc.o(i.RCC_ADCCLKConfig)
    RCC_APB1PeriphClockCmd                   0x08000f3d   Thumb Code    26  air32f10x_rcc.o(i.RCC_APB1PeriphClockCmd)
    RCC_APB2PeriphClockCmd                   0x08000f5d   Thumb Code    26  air32f10x_rcc.o(i.RCC_APB2PeriphClockCmd)
    RCC_APB2PeriphResetCmd                   0x08000f7d   Thumb Code    26  air32f10x_rcc.o(i.RCC_APB2PeriphResetCmd)
    RCC_GetClocksFreq                        0x08000f9d   Thumb Code   214  air32f10x_rcc.o(i.RCC_GetClocksFreq)
    Servo_GPIO_Init                          0x08001089   Thumb Code    38  pwm.o(i.Servo_GPIO_Init)
    Servo_SetAngle                           0x080010b5   Thumb Code    52  pwm.o(i.Servo_SetAngle)
    Servo_TIM_Init                           0x080010ed   Thumb Code   130  pwm.o(i.Servo_TIM_Init)
    SysTick_CLKSourceConfig                  0x08001265   Thumb Code    40  misc.o(i.SysTick_CLKSourceConfig)
    SystemInit                               0x0800128d   Thumb Code    78  system_air32f10x.o(i.SystemInit)
    TIM_Cmd                                  0x080012ed   Thumb Code    24  air32f10x_tim.o(i.TIM_Cmd)
    TIM_OC1Init                              0x08001305   Thumb Code   114  air32f10x_tim.o(i.TIM_OC1Init)
    TIM_OC2Init                              0x08001381   Thumb Code   154  air32f10x_tim.o(i.TIM_OC2Init)
    TIM_OCStructInit                         0x08001425   Thumb Code    20  air32f10x_tim.o(i.TIM_OCStructInit)
    TIM_SetCompare1                          0x08001439   Thumb Code     4  air32f10x_tim.o(i.TIM_SetCompare1)
    TIM_SetCompare2                          0x0800143d   Thumb Code     4  air32f10x_tim.o(i.TIM_SetCompare2)
    TIM_TimeBaseInit                         0x08001441   Thumb Code   104  air32f10x_tim.o(i.TIM_TimeBaseInit)
    TIM_TimeBaseStructInit                   0x080014c5   Thumb Code    18  air32f10x_tim.o(i.TIM_TimeBaseStructInit)
    Write_IIC_Byte                           0x080014d9   Thumb Code    86  oled.o(i.Write_IIC_Byte)
    Write_IIC_Command                        0x08001535   Thumb Code    44  oled.o(i.Write_IIC_Command)
    Write_IIC_Data                           0x08001561   Thumb Code    44  oled.o(i.Write_IIC_Data)
    __0sprintf$1                             0x0800158d   Thumb Code    34  printf1.o(i.__0sprintf$1)
    __1sprintf$1                             0x0800158d   Thumb Code     0  printf1.o(i.__0sprintf$1)
    __2sprintf                               0x0800158d   Thumb Code     0  printf1.o(i.__0sprintf$1)
    __scatterload_copy                       0x080015b5   Thumb Code    14  handlers.o(i.__scatterload_copy)
    __scatterload_null                       0x080015c3   Thumb Code     2  handlers.o(i.__scatterload_null)
    __scatterload_zeroinit                   0x080015c5   Thumb Code    14  handlers.o(i.__scatterload_zeroinit)
    auto_task                                0x08001735   Thumb Code   524  main.o(i.auto_task)
    check_mode                               0x08001965   Thumb Code    66  main.o(i.check_mode)
    get_adc_Voltage                          0x080019b1   Thumb Code    56  main.o(i.get_adc_Voltage)
    get_key_value                            0x080019e9   Thumb Code    56  main.o(i.get_key_value)
    main                                     0x08001a21   Thumb Code   100  main.o(i.main)
    manua_task                               0x08001aa9   Thumb Code   278  main.o(i.manua_task)
    F6x8                                     0x08001be8   Data         552  oled.o(.constdata)
    F8X16                                    0x08001e10   Data        1520  oled.o(.constdata)
    Region$$Table$$Base                      0x08002400   Number         0  anon$$obj.o(Region$$Table)
    Region$$Table$$Limit                     0x08002420   Number         0  anon$$obj.o(Region$$Table)
    servo1_angle                             0x20000000   Data           2  main.o(.data)
    servo2_angle                             0x20000002   Data           2  main.o(.data)
    g_mode                                   0x20000004   Data           1  main.o(.data)
    Hzk                                      0x20000005   Data        1536  oled.o(.data)
    SystemCoreClock                          0x20000620   Data           4  system_air32f10x.o(.data)
    AHBPrescTable                            0x20000624   Data          16  system_air32f10x.o(.data)
    __initial_sp                             0x20000a38   Data           0  startup_air32f10x.o(STACK)



==============================================================================

Memory Map of the image

  Image Entry point : 0x0800023d

  Load Region LR_1 (Base: 0x08000000, Size: 0x00002a54, Max: 0xffffffff, ABSOLUTE, COMPRESSED[0x000026bc])

    Execution Region ER_RO (Exec base: 0x08000000, Load base: 0x08000000, Size: 0x00002420, Max: 0xffffffff, ABSOLUTE)

    Exec Addr    Load Addr    Size         Type   Attr      Idx    E Section Name        Object

    0x08000000   0x08000000   0x00000220   Data   RO         1953    RESET               startup_air32f10x.o
    0x08000220   0x08000220   0x00000000   Code   RO         2004  * .ARM.Collect$$$$00000000  mc_w.l(entry.o)
    0x08000220   0x08000220   0x00000004   Code   RO         2278    .ARM.Collect$$$$00000001  mc_w.l(entry2.o)
    0x08000224   0x08000224   0x00000004   Code   RO         2281    .ARM.Collect$$$$00000004  mc_w.l(entry5.o)
    0x08000228   0x08000228   0x00000000   Code   RO         2283    .ARM.Collect$$$$00000008  mc_w.l(entry7b.o)
    0x08000228   0x08000228   0x00000000   Code   RO         2285    .ARM.Collect$$$$0000000A  mc_w.l(entry8b.o)
    0x08000228   0x08000228   0x00000008   Code   RO         2286    .ARM.Collect$$$$0000000B  mc_w.l(entry9a.o)
    0x08000230   0x08000230   0x00000000   Code   RO         2288    .ARM.Collect$$$$0000000D  mc_w.l(entry10a.o)
    0x08000230   0x08000230   0x00000000   Code   RO         2290    .ARM.Collect$$$$0000000F  mc_w.l(entry11a.o)
    0x08000230   0x08000230   0x00000004   Code   RO         2279    .ARM.Collect$$$$00002712  mc_w.l(entry2.o)
    0x08000234   0x08000234   0x00000070   Code   RO         1954  * .text               startup_air32f10x.o
    0x080002a4   0x080002a4   0x000000e4   Code   RO         2268    .text               mf_w.l(dmul.o)
    0x08000388   0x08000388   0x000000de   Code   RO         2270    .text               mf_w.l(ddiv.o)
    0x08000466   0x08000466   0x0000001a   Code   RO         2272    .text               mf_w.l(dfltui.o)
    0x08000480   0x08000480   0x00000038   Code   RO         2274    .text               mf_w.l(d2f.o)
    0x080004b8   0x080004b8   0x00000014   Code   RO         2276    .text               mf_w.l(cfrcmple.o)
    0x080004cc   0x080004cc   0x0000002c   Code   RO         2295    .text               mc_w.l(uidiv.o)
    0x080004f8   0x080004f8   0x00000000   Code   RO         2299    .text               mc_w.l(iusefp.o)
    0x080004f8   0x080004f8   0x0000006e   Code   RO         2300    .text               mf_w.l(fepilogue.o)
    0x08000566   0x08000566   0x000000ba   Code   RO         2302    .text               mf_w.l(depilogue.o)
    0x08000620   0x08000620   0x00000024   Code   RO         2310    .text               mc_w.l(init.o)
    0x08000644   0x08000644   0x0000001e   Code   RO         2313    .text               mc_w.l(llshl.o)
    0x08000662   0x08000662   0x00000020   Code   RO         2315    .text               mc_w.l(llushr.o)
    0x08000682   0x08000682   0x0000005e   Code   RO         2328    .text               mc_w.l(__dclz77c.o)
    0x080006e0   0x080006e0   0x00000016   Code   RO          421    i.ADC_Cmd           air32f10x_adc.o
    0x080006f6   0x080006f6   0x00000002   PAD
    0x080006f8   0x080006f8   0x0000005c   Code   RO          423    i.ADC_DeInit        air32f10x_adc.o
    0x08000754   0x08000754   0x00000014   Code   RO          429    i.ADC_GetCalibrationStatus  air32f10x_adc.o
    0x08000768   0x08000768   0x00000008   Code   RO          430    i.ADC_GetConversionValue  air32f10x_adc.o
    0x08000770   0x08000770   0x00000012   Code   RO          432    i.ADC_GetFlagStatus  air32f10x_adc.o
    0x08000782   0x08000782   0x00000014   Code   RO          435    i.ADC_GetResetCalibrationStatus  air32f10x_adc.o
    0x08000796   0x08000796   0x00000002   PAD
    0x08000798   0x08000798   0x00000050   Code   RO          439    i.ADC_Init          air32f10x_adc.o
    0x080007e8   0x080007e8   0x000000b8   Code   RO          443    i.ADC_RegularChannelConfig  air32f10x_adc.o
    0x080008a0   0x080008a0   0x0000000a   Code   RO          444    i.ADC_ResetCalibration  air32f10x_adc.o
    0x080008aa   0x080008aa   0x00000016   Code   RO          446    i.ADC_SoftwareStartConvCmd  air32f10x_adc.o
    0x080008c0   0x080008c0   0x0000000a   Code   RO          448    i.ADC_StartCalibration  air32f10x_adc.o
    0x080008ca   0x080008ca   0x00000002   PAD
    0x080008cc   0x080008cc   0x000000b0   Code   RO          332    i.Adc_Init          adc.o
    0x0800097c   0x0800097c   0x00000048   Code   RO         1814    i.Delay_Init        delay.o
    0x080009c4   0x080009c4   0x0000004c   Code   RO         1815    i.Delay_Ms          delay.o
    0x08000a10   0x08000a10   0x0000004c   Code   RO         1817    i.Delay_Us          delay.o
    0x08000a5c   0x08000a5c   0x00000116   Code   RO          658    i.GPIO_Init         air32f10x_gpio.o
    0x08000b72   0x08000b72   0x00000004   Code   RO          665    i.GPIO_ResetBits    air32f10x_gpio.o
    0x08000b76   0x08000b76   0x00000004   Code   RO          666    i.GPIO_SetBits      air32f10x_gpio.o
    0x08000b7a   0x08000b7a   0x00000002   PAD
    0x08000b7c   0x08000b7c   0x00000034   Code   RO          333    i.Get_Adc           adc.o
    0x08000bb0   0x08000bb0   0x0000002e   Code   RO          334    i.Get_Adc_Average   adc.o
    0x08000bde   0x08000bde   0x00000002   PAD
    0x08000be0   0x08000be0   0x00000044   Code   RO          335    i.Get_Voltage       adc.o
    0x08000c24   0x08000c24   0x0000003c   Code   RO          184    i.IIC_Start         oled.o
    0x08000c60   0x08000c60   0x00000020   Code   RO          185    i.IIC_Stop          oled.o
    0x08000c80   0x08000c80   0x00000018   Code   RO          186    i.IIC_Wait_Ack      oled.o
    0x08000c98   0x08000c98   0x00000014   Code   RO         1859    i.NVIC_PriorityGroupConfig  misc.o
    0x08000cac   0x08000cac   0x00000114   Code   RO          187    i.OLEDInit          oled.o
    0x08000dc0   0x08000dc0   0x0000003e   Code   RO          188    i.OLED_Clear        oled.o
    0x08000dfe   0x08000dfe   0x00000028   Code   RO          193    i.OLED_Set_Pos      oled.o
    0x08000e26   0x08000e26   0x00000002   PAD
    0x08000e28   0x08000e28   0x000000a4   Code   RO          195    i.OLED_ShowChar     oled.o
    0x08000ecc   0x08000ecc   0x0000003a   Code   RO          197    i.OLED_ShowString   oled.o
    0x08000f06   0x08000f06   0x00000018   Code   RO          198    i.OLED_WR_Byte      oled.o
    0x08000f1e   0x08000f1e   0x00000002   PAD
    0x08000f20   0x08000f20   0x0000001c   Code   RO         1009    i.RCC_ADCCLKConfig  air32f10x_rcc.o
    0x08000f3c   0x08000f3c   0x00000020   Code   RO         1011    i.RCC_APB1PeriphClockCmd  air32f10x_rcc.o
    0x08000f5c   0x08000f5c   0x00000020   Code   RO         1013    i.RCC_APB2PeriphClockCmd  air32f10x_rcc.o
    0x08000f7c   0x08000f7c   0x00000020   Code   RO         1014    i.RCC_APB2PeriphResetCmd  air32f10x_rcc.o
    0x08000f9c   0x08000f9c   0x000000ec   Code   RO         1021    i.RCC_GetClocksFreq  air32f10x_rcc.o
    0x08001088   0x08001088   0x0000002c   Code   RO          374    i.Servo_GPIO_Init   pwm.o
    0x080010b4   0x080010b4   0x00000038   Code   RO          375    i.Servo_SetAngle    pwm.o
    0x080010ec   0x080010ec   0x00000090   Code   RO          376    i.Servo_TIM_Init    pwm.o
    0x0800117c   0x0800117c   0x00000008   Code   RO         1961    i.SetSysClock       system_air32f10x.o
    0x08001184   0x08001184   0x000000e0   Code   RO         1962    i.SetSysClockTo72   system_air32f10x.o
    0x08001264   0x08001264   0x00000028   Code   RO         1862    i.SysTick_CLKSourceConfig  misc.o
    0x0800128c   0x0800128c   0x00000060   Code   RO         1964    i.SystemInit        system_air32f10x.o
    0x080012ec   0x080012ec   0x00000018   Code   RO         1270    i.TIM_Cmd           air32f10x_tim.o
    0x08001304   0x08001304   0x0000007c   Code   RO         1299    i.TIM_OC1Init       air32f10x_tim.o
    0x08001380   0x08001380   0x000000a4   Code   RO         1304    i.TIM_OC2Init       air32f10x_tim.o
    0x08001424   0x08001424   0x00000014   Code   RO         1317    i.TIM_OCStructInit  air32f10x_tim.o
    0x08001438   0x08001438   0x00000004   Code   RO         1331    i.TIM_SetCompare1   air32f10x_tim.o
    0x0800143c   0x0800143c   0x00000004   Code   RO         1332    i.TIM_SetCompare2   air32f10x_tim.o
    0x08001440   0x08001440   0x00000084   Code   RO         1341    i.TIM_TimeBaseInit  air32f10x_tim.o
    0x080014c4   0x080014c4   0x00000012   Code   RO         1342    i.TIM_TimeBaseStructInit  air32f10x_tim.o
    0x080014d6   0x080014d6   0x00000002   PAD
    0x080014d8   0x080014d8   0x0000005c   Code   RO          199    i.Write_IIC_Byte    oled.o
    0x08001534   0x08001534   0x0000002c   Code   RO          200    i.Write_IIC_Command  oled.o
    0x08001560   0x08001560   0x0000002c   Code   RO          201    i.Write_IIC_Data    oled.o
    0x0800158c   0x0800158c   0x00000028   Code   RO         2054    i.__0sprintf$1      mc_w.l(printf1.o)
    0x080015b4   0x080015b4   0x0000000e   Code   RO         2322    i.__scatterload_copy  mc_w.l(handlers.o)
    0x080015c2   0x080015c2   0x00000002   Code   RO         2323    i.__scatterload_null  mc_w.l(handlers.o)
    0x080015c4   0x080015c4   0x0000000e   Code   RO         2324    i.__scatterload_zeroinit  mc_w.l(handlers.o)
    0x080015d2   0x080015d2   0x00000002   PAD
    0x080015d4   0x080015d4   0x00000154   Code   RO         2059    i._printf_core      mc_w.l(printf1.o)
    0x08001728   0x08001728   0x0000000a   Code   RO         2061    i._sputc            mc_w.l(printf1.o)
    0x08001732   0x08001732   0x00000002   PAD
    0x08001734   0x08001734   0x00000230   Code   RO            4    i.auto_task         main.o
    0x08001964   0x08001964   0x0000004c   Code   RO            5    i.check_mode        main.o
    0x080019b0   0x080019b0   0x00000038   Code   RO            6    i.get_adc_Voltage   main.o
    0x080019e8   0x080019e8   0x00000038   Code   RO            7    i.get_key_value     main.o
    0x08001a20   0x08001a20   0x00000088   Code   RO            8    i.main              main.o
    0x08001aa8   0x08001aa8   0x00000140   Code   RO            9    i.manua_task        main.o
    0x08001be8   0x08001be8   0x00000818   Data   RO          204    .constdata          oled.o
    0x08002400   0x08002400   0x00000020   Data   RO         2320    Region$$Table       anon$$obj.o


    Execution Region ER_RW (Exec base: 0x20000000, Load base: 0x08002420, Size: 0x00000634, Max: 0xffffffff, ABSOLUTE, COMPRESSED[0x0000029c])

    Exec Addr    Load Addr    Size         Type   Attr      Idx    E Section Name        Object

    0x20000000   COMPRESSED   0x00000005   Data   RW           10    .data               main.o
    0x20000005   COMPRESSED   0x00000601   Data   RW          205    .data               oled.o
    0x20000606   COMPRESSED   0x00000014   Data   RW         1041    .data               air32f10x_rcc.o
    0x2000061a   COMPRESSED   0x00000004   Data   RW         1818    .data               delay.o
    0x2000061e   COMPRESSED   0x00000002   PAD
    0x20000620   COMPRESSED   0x00000014   Data   RW         1965    .data               system_air32f10x.o


    Execution Region ER_ZI (Exec base: 0x20000634, Load base: 0x080026bc, Size: 0x00000404, Max: 0xffffffff, ABSOLUTE)

    Exec Addr    Load Addr    Size         Type   Attr      Idx    E Section Name        Object

    0x20000634   0x080026bc   0x00000004   PAD
    0x20000638        -       0x00000400   Zero   RW         1951    STACK               startup_air32f10x.o


==============================================================================

Image component sizes


      Code (inc. data)   RO Data    RW Data    ZI Data      Debug   Object Name

       342         26          0          0          0       2293   adc.o
       486         24          0          0          0       9778   air32f10x_adc.o
       286          0          0          0          0       3644   air32f10x_gpio.o
       360         48          0         20          0       6222   air32f10x_rcc.o
       490         48          0          0          0       6205   air32f10x_tim.o
       224         22          0          4          0       2087   delay.o
      1204        124          0          5          0     262274   main.o
        60         10          0          0          0       1209   misc.o
       920         38       2072       1537          0       7661   oled.o
       244         24          0          0          0       1608   pwm.o
       112         38        544          0       1024        876   startup_air32f10x.o
       328         28          0         20          0       2441   system_air32f10x.o

    ----------------------------------------------------------------------
      5072        430       2648       1588       1028     306298   Object Totals
         0          0         32          0          0          0   (incl. Generated)
        16          0          0          2          4          0   (incl. Padding)

    ----------------------------------------------------------------------

      Code (inc. data)   RO Data    RW Data    ZI Data      Debug   Library Member Name

        94          0          0          0          0          0   __dclz77c.o
         0          0          0          0          0          0   entry.o
         0          0          0          0          0          0   entry10a.o
         0          0          0          0          0          0   entry11a.o
         8          4          0          0          0          0   entry2.o
         4          0          0          0          0          0   entry5.o
         0          0          0          0          0          0   entry7b.o
         0          0          0          0          0          0   entry8b.o
         8          4          0          0          0          0   entry9a.o
        30          0          0          0          0          0   handlers.o
        36          8          0          0          0         68   init.o
         0          0          0          0          0          0   iusefp.o
        30          0          0          0          0         68   llshl.o
        32          0          0          0          0         68   llushr.o
       390         10          0          0          0        252   printf1.o
        44          0          0          0          0         80   uidiv.o
        20          0          0          0          0         68   cfrcmple.o
        56          0          0          0          0         88   d2f.o
       222          0          0          0          0        100   ddiv.o
       186          0          0          0          0        176   depilogue.o
        26          0          0          0          0         76   dfltui.o
       228          0          0          0          0         96   dmul.o
       110          0          0          0          0        168   fepilogue.o

    ----------------------------------------------------------------------
      1528         26          0          0          0       1308   Library Totals
         4          0          0          0          0          0   (incl. Padding)

    ----------------------------------------------------------------------

      Code (inc. data)   RO Data    RW Data    ZI Data      Debug   Library Name

       676         26          0          0          0        536   mc_w.l
       848          0          0          0          0        772   mf_w.l

    ----------------------------------------------------------------------
      1528         26          0          0          0       1308   Library Totals

    ----------------------------------------------------------------------

==============================================================================


      Code (inc. data)   RO Data    RW Data    ZI Data      Debug   

      6600        456       2648       1588       1028     304198   Grand Totals
      6600        456       2648        668       1028     304198   ELF Image Totals (compressed)
      6600        456       2648        668          0          0   ROM Totals

==============================================================================

    Total RO  Size (Code + RO Data)                 9248 (   9.03kB)
    Total RW  Size (RW Data + ZI Data)              2616 (   2.55kB)
    Total ROM Size (Code + RO Data + RW Data)       9916 (   9.68kB)

==============================================================================

